Component: ARM Compiler 5.05 update 1 (build 106) Tool: armlink [4d0efa]

==============================================================================

Section Cross References

    los_priqueue.o(i.LOS_PriqueueEnqueue) refers to los_priqueue.o(.data) for g_pstLosPriorityQueueList
    los_priqueue.o(i.LOS_PriqueueSize) refers to los_priqueue.o(.data) for g_pstLosPriorityQueueList
    los_priqueue.o(i.LOS_PriqueueTop) refers to los_priqueue.o(.data) for g_pstLosPriorityQueueList
    los_priqueue.o(i.LOS_PriqueueTotalSize) refers to los_priqueue.o(i.LOS_PriqueueSize) for LOS_PriqueueSize
    los_priqueue.o(i.osPriqueueInit) refers to los_memory.o(i.LOS_MemAlloc) for LOS_MemAlloc
    los_priqueue.o(i.osPriqueueInit) refers to los_config.o(.data) for m_aucSysMem0
    los_priqueue.o(i.osPriqueueInit) refers to los_priqueue.o(.data) for g_pstLosPriorityQueueList
    los_swtmr.o(i.LOS_SwtmrCreate) refers to los_dispatch_keil.o(KERNEL) for LOS_IntLock
    los_swtmr.o(i.LOS_SwtmrCreate) refers to los_swtmr.o(.data) for m_pstSwtmrFreeList
    los_swtmr.o(i.LOS_SwtmrDelete) refers to los_dispatch_keil.o(KERNEL) for LOS_IntLock
    los_swtmr.o(i.LOS_SwtmrDelete) refers to los_swtmr.o(i.osSwtmrStop) for osSwtmrStop
    los_swtmr.o(i.LOS_SwtmrDelete) refers to los_swtmr.o(i.osSwtmrDelete) for osSwtmrDelete
    los_swtmr.o(i.LOS_SwtmrDelete) refers to los_swtmr.o(.data) for m_pstSwtmrCBArray
    los_swtmr.o(i.LOS_SwtmrStart) refers to los_dispatch_keil.o(KERNEL) for LOS_IntLock
    los_swtmr.o(i.LOS_SwtmrStart) refers to los_swtmr.o(i.osSwtmrStop) for osSwtmrStop
    los_swtmr.o(i.LOS_SwtmrStart) refers to los_swtmr.o(i.osSwTmrStart) for osSwTmrStart
    los_swtmr.o(i.LOS_SwtmrStart) refers to los_swtmr.o(.data) for m_pstSwtmrCBArray
    los_swtmr.o(i.LOS_SwtmrStop) refers to los_dispatch_keil.o(KERNEL) for LOS_IntLock
    los_swtmr.o(i.LOS_SwtmrStop) refers to los_swtmr.o(i.osSwtmrStop) for osSwtmrStop
    los_swtmr.o(i.LOS_SwtmrStop) refers to los_swtmr.o(.data) for m_pstSwtmrCBArray
    los_swtmr.o(i.osSwTmrAdjust) refers to los_swtmr.o(i.osSwTmrTimeoutHandle) for osSwTmrTimeoutHandle
    los_swtmr.o(i.osSwTmrAdjust) refers to los_swtmr.o(.data) for m_pstSwtmrSortList
    los_swtmr.o(i.osSwTmrGetNextTimeout) refers to los_swtmr.o(.data) for m_pstSwtmrSortList
    los_swtmr.o(i.osSwTmrInit) refers to los_memory.o(i.LOS_MemAlloc) for LOS_MemAlloc
    los_swtmr.o(i.osSwTmrInit) refers to memseta.o(.text) for __aeabi_memclr4
    los_swtmr.o(i.osSwTmrInit) refers to los_membox.o(i.LOS_MemboxInit) for LOS_MemboxInit
    los_swtmr.o(i.osSwTmrInit) refers to los_queue.o(i.LOS_QueueCreate) for LOS_QueueCreate
    los_swtmr.o(i.osSwTmrInit) refers to los_swtmr.o(i.osSwTmrTaskCreate) for osSwTmrTaskCreate
    los_swtmr.o(i.osSwTmrInit) refers to los_swtmr.o(.data) for m_pstSwtmrSortList
    los_swtmr.o(i.osSwTmrInit) refers to los_config.o(.data) for m_aucSysMem0
    los_swtmr.o(i.osSwTmrInit) refers to los_swtmr.o(.bss) for m_aucSwTmrHandlerPool
    los_swtmr.o(i.osSwTmrStart) refers to los_swtmr.o(.data) for m_pstSwtmrSortList
    los_swtmr.o(i.osSwTmrTask) refers to los_queue.o(i.LOS_QueueRead) for LOS_QueueRead
    los_swtmr.o(i.osSwTmrTask) refers to los_membox.o(i.LOS_MemboxFree) for LOS_MemboxFree
    los_swtmr.o(i.osSwTmrTask) refers to los_swtmr.o(.data) for m_uwSwTmrHandlerQueue
    los_swtmr.o(i.osSwTmrTask) refers to los_swtmr.o(.bss) for m_aucSwTmrHandlerPool
    los_swtmr.o(i.osSwTmrTaskCreate) refers to memseta.o(.text) for __aeabi_memclr4
    los_swtmr.o(i.osSwTmrTaskCreate) refers to los_task.o(i.LOS_TaskCreate) for LOS_TaskCreate
    los_swtmr.o(i.osSwTmrTaskCreate) refers to los_swtmr.o(i.osSwTmrTask) for osSwTmrTask
    los_swtmr.o(i.osSwTmrTaskCreate) refers to los_task.o(.data) for g_uwSwtmrTaskID
    los_swtmr.o(i.osSwTmrTimeoutHandle) refers to los_membox.o(i.LOS_MemboxAlloc) for LOS_MemboxAlloc
    los_swtmr.o(i.osSwTmrTimeoutHandle) refers to los_queue.o(i.LOS_QueueWrite) for LOS_QueueWrite
    los_swtmr.o(i.osSwTmrTimeoutHandle) refers to los_membox.o(i.LOS_MemboxFree) for LOS_MemboxFree
    los_swtmr.o(i.osSwTmrTimeoutHandle) refers to los_swtmr.o(i.osSwtmrDelete) for osSwtmrDelete
    los_swtmr.o(i.osSwTmrTimeoutHandle) refers to los_swtmr.o(i.osSwTmrStart) for osSwTmrStart
    los_swtmr.o(i.osSwTmrTimeoutHandle) refers to los_swtmr.o(.data) for m_pstSwtmrSortList
    los_swtmr.o(i.osSwTmrTimeoutHandle) refers to los_swtmr.o(.bss) for m_aucSwTmrHandlerPool
    los_swtmr.o(i.osSwtmrDelete) refers to los_swtmr.o(.data) for m_pstSwtmrFreeList
    los_swtmr.o(i.osSwtmrScan) refers to los_swtmr.o(i.osSwTmrTimeoutHandle) for osSwTmrTimeoutHandle
    los_swtmr.o(i.osSwtmrScan) refers to los_swtmr.o(.data) for m_pstSwtmrSortList
    los_swtmr.o(i.osSwtmrStop) refers to los_swtmr.o(.data) for m_pstSwtmrSortList
    los_sys.o(i.LOS_MS2Tick) refers to uldiv.o(.text) for __aeabi_uldivmod
[...]
    ..\..\platform\STM32F103_NBEK\Drivers\STM32F1xx_HAL_Driver\Src\stm32f1xx_hal_pccard.c 0x00000000   Number         0  stm32f1xx_hal_pccard.o ABSOLUTE
    ..\..\platform\STM32F103_NBEK\Drivers\STM32F1xx_HAL_Driver\Src\stm32f1xx_hal_pcd.c 0x00000000   Number         0  stm32f1xx_hal_pcd.o ABSOLUTE
    ..\..\platform\STM32F103_NBEK\Drivers\STM32F1xx_HAL_Driver\Src\stm32f1xx_hal_pcd_ex.c 0x00000000   Number         0  stm32f1xx_hal_pcd_ex.o ABSOLUTE
    ..\..\platform\STM32F103_NBEK\Drivers\STM32F1xx_HAL_Driver\Src\stm32f1xx_hal_pwr.c 0x00000000   Number         0  stm32f1xx_hal_pwr.o ABSOLUTE
    ..\..\platform\STM32F103_NBEK\Drivers\STM32F1xx_HAL_Driver\Src\stm32f1xx_hal_rcc.c 0x00000000   Number         0  stm32f1xx_hal_rcc.o ABSOLUTE
    ..\..\platform\STM32F103_NBEK\Drivers\STM32F1xx_HAL_Driver\Src\stm32f1xx_hal_rcc_ex.c 0x00000000   Number         0  stm32f1xx_hal_rcc_ex.o ABSOLUTE
    ..\..\platform\STM32F103_NBEK\Drivers\STM32F1xx_HAL_Driver\Src\stm32f1xx_hal_rtc.c 0x00000000   Number         0  stm32f1xx_hal_rtc.o ABSOLUTE
    ..\..\platform\STM32F103_NBEK\Drivers\STM32F1xx_HAL_Driver\Src\stm32f1xx_hal_rtc_ex.c 0x00000000   Number         0  stm32f1xx_hal_rtc_ex.o ABSOLUTE
    ..\..\platform\STM32F103_NBEK\Drivers\STM32F1xx_HAL_Driver\Src\stm32f1xx_hal_sd.c 0x00000000   Number         0  stm32f1xx_hal_sd.o ABSOLUTE
    ..\..\platform\STM32F103_NBEK\Drivers\STM32F1xx_HAL_Driver\Src\stm32f1xx_hal_smartcard.c 0x00000000   Number         0  stm32f1xx_hal_smartcard.o ABSOLUTE
    ..\..\platform\STM32F103_NBEK\Drivers\STM32F1xx_HAL_Driver\Src\stm32f1xx_hal_spi.c 0x00000000   Number         0  stm32f1xx_hal_spi.o ABSOLUTE
    ..\..\platform\STM32F103_NBEK\Drivers\STM32F1xx_HAL_Driver\Src\stm32f1xx_hal_spi_ex.c 0x00000000   Number         0  stm32f1xx_hal_spi_ex.o ABSOLUTE
    ..\..\platform\STM32F103_NBEK\Drivers\STM32F1xx_HAL_Driver\Src\stm32f1xx_hal_sram.c 0x00000000   Number         0  stm32f1xx_hal_sram.o ABSOLUTE
    ..\..\platform\STM32F103_NBEK\Drivers\STM32F1xx_HAL_Driver\Src\stm32f1xx_hal_tim.c 0x00000000   Number         0  stm32f1xx_hal_tim.o ABSOLUTE
    ..\..\platform\STM32F103_NBEK\Drivers\STM32F1xx_HAL_Driver\Src\stm32f1xx_hal_tim_ex.c 0x00000000   Number         0  stm32f1xx_hal_tim_ex.o ABSOLUTE
    ..\..\platform\STM32F103_NBEK\Drivers\STM32F1xx_HAL_Driver\Src\stm32f1xx_hal_uart.c 0x00000000   Number         0  stm32f1xx_hal_uart.o ABSOLUTE
    ..\..\platform\STM32F103_NBEK\Drivers\STM32F1xx_HAL_Driver\Src\stm32f1xx_hal_usart.c 0x00000000   Number         0  stm32f1xx_hal_usart.o ABSOLUTE
    ..\..\platform\STM32F103_NBEK\Drivers\STM32F1xx_HAL_Driver\Src\stm32f1xx_hal_wwdg.c 0x00000000   Number         0  stm32f1xx_hal_wwdg.o ABSOLUTE
    ..\..\platform\STM32F103_NBEK\Drivers\STM32F1xx_HAL_Driver\Src\stm32f1xx_ll_adc.c 0x00000000   Number         0  stm32f1xx_ll_adc.o ABSOLUTE
    ..\..\platform\STM32F103_NBEK\Drivers\STM32F1xx_HAL_Driver\Src\stm32f1xx_ll_crc.c 0x00000000   Number         0  stm32f1xx_ll_crc.o ABSOLUTE
    ..\..\platform\STM32F103_NBEK\Drivers\STM32F1xx_HAL_Driver\Src\stm32f1xx_ll_dac.c 0x00000000   Number         0  stm32f1xx_ll_dac.o ABSOLUTE
    ..\..\platform\STM32F103_NBEK\Drivers\STM32F1xx_HAL_Driver\Src\stm32f1xx_ll_dma.c 0x00000000   Number         0  stm32f1xx_ll_dma.o ABSOLUTE
    ..\..\platform\STM32F103_NBEK\Drivers\STM32F1xx_HAL_Driver\Src\stm32f1xx_ll_exti.c 0x00000000   Number         0  stm32f1xx_ll_exti.o ABSOLUTE
    ..\..\platform\STM32F103_NBEK\Drivers\STM32F1xx_HAL_Driver\Src\stm32f1xx_ll_fsmc.c 0x00000000   Number         0  stm32f1xx_ll_fsmc.o ABSOLUTE
    ..\..\platform\STM32F103_NBEK\Drivers\STM32F1xx_HAL_Driver\Src\stm32f1xx_ll_gpio.c 0x00000000   Number         0  stm32f1xx_ll_gpio.o ABSOLUTE
    ..\..\platform\STM32F103_NBEK\Drivers\STM32F1xx_HAL_Driver\Src\stm32f1xx_ll_i2c.c 0x00000000   Number         0  stm32f1xx_ll_i2c.o ABSOLUTE
    ..\..\platform\STM32F103_NBEK\Drivers\STM32F1xx_HAL_Driver\Src\stm32f1xx_ll_pwr.c 0x00000000   Number         0  stm32f1xx_ll_pwr.o ABSOLUTE
    ..\..\platform\STM32F103_NBEK\Drivers\STM32F1xx_HAL_Driver\Src\stm32f1xx_ll_rcc.c 0x00000000   Number         0  stm32f1xx_ll_rcc.o ABSOLUTE
    ..\..\platform\STM32F103_NBEK\Drivers\STM32F1xx_HAL_Driver\Src\stm32f1xx_ll_rtc.c 0x00000000   Number         0  stm32f1xx_ll_rtc.o ABSOLUTE
    ..\..\platform\STM32F103_NBEK\Drivers\STM32F1xx_HAL_Driver\Src\stm32f1xx_ll_sdmmc.c 0x00000000   Number         0  stm32f1xx_ll_sdmmc.o ABSOLUTE
    ..\..\platform\STM32F103_NBEK\Drivers\STM32F1xx_HAL_Driver\Src\stm32f1xx_ll_spi.c 0x00000000   Number         0  stm32f1xx_ll_spi.o ABSOLUTE
    ..\..\platform\STM32F103_NBEK\Drivers\STM32F1xx_HAL_Driver\Src\stm32f1xx_ll_tim.c 0x00000000   Number         0  stm32f1xx_ll_tim.o ABSOLUTE
    ..\..\platform\STM32F103_NBEK\Drivers\STM32F1xx_HAL_Driver\Src\stm32f1xx_ll_usart.c 0x00000000   Number         0  stm32f1xx_ll_usart.o ABSOLUTE
    ..\..\platform\STM32F103_NBEK\Drivers\STM32F1xx_HAL_Driver\Src\stm32f1xx_ll_usb.c 0x00000000   Number         0  stm32f1xx_ll_usb.o ABSOLUTE
    ..\..\platform\STM32F103_NBEK\Drivers\STM32F1xx_HAL_Driver\Src\stm32f1xx_ll_utils.c 0x00000000   Number         0  stm32f1xx_ll_utils.o ABSOLUTE
    ..\..\platform\STM32F103_NBEK\Src\gpio.c 0x00000000   Number         0  gpio.o ABSOLUTE
    ..\..\platform\STM32F103_NBEK\Src\usart.c 0x00000000   Number         0  usart.o ABSOLUTE
    ..\..\platform\STM32F103_NBEK\los_bsp_adapter.c 0x00000000   Number         0  los_bsp_adapter.o ABSOLUTE
    ..\..\platform\STM32F103_NBEK\los_bsp_led.c 0x00000000   Number         0  los_bsp_led.o ABSOLUTE
    ..\..\platform\STM32F103_NBEK\los_bsp_uart.c 0x00000000   Number         0  los_bsp_uart.o ABSOLUTE
    ..\..\platform\STM32F103_NBEK\los_startup_keil.s 0x00000000   Number         0  los_startup_keil.o ABSOLUTE
    ..\..\platform\STM32F103_NBEK\stm32f1xx_nbek.c 0x00000000   Number         0  stm32f1xx_nbek.o ABSOLUTE
    ..\..\user\main.c                        0x00000000   Number         0  main.o ABSOLUTE
    ..\\..\\api\\Src\\los_nbiot_entry.c      0x00000000   Number         0  los_nbiot_entry.o ABSOLUTE
    ..\\..\\platform\\STM32F103_NBEK\\Drivers\\CMSIS\\Device\\ST\\STM32F1xx\\Source\\Templates\\system_stm32f1xx.c 0x00000000   Number         0  system_stm32f1xx.o ABSOLUTE
    ..\\..\\platform\\STM32F103_NBEK\\Drivers\\STM32F1xx_HAL_Driver\\Src\\stm32f1xx_hal.c 0x00000000   Number         0  stm32f1xx_hal.o ABSOLUTE
    ..\\..\\platform\\STM32F103_NBEK\\Drivers\\STM32F1xx_HAL_Driver\\Src\\stm32f1xx_hal_adc.c 0x00000000   Number         0  stm32f1xx_hal_adc.o ABSOLUTE
    ..\\..\\platform\\STM32F103_NBEK\\Drivers\\STM32F1xx_HAL_Driver\\Src\\stm32f1xx_hal_adc_ex.c 0x00000000   Number         0  stm32f1xx_hal_adc_ex.o ABSOLUTE
    ..\\..\\platform\\STM32F103_NBEK\\Drivers\\STM32F1xx_HAL_Driver\\Src\\stm32f1xx_hal_can.c 0x00000000   Number         0  stm32f1xx_hal_can.o ABSOLUTE
    ..\\..\\platform\\STM32F103_NBEK\\Drivers\\STM32F1xx_HAL_Driver\\Src\\stm32f1xx_hal_cec.c 0x00000000   Number         0  stm32f1xx_hal_cec.o ABSOLUTE
    ..\\..\\platform\\STM32F103_NBEK\\Drivers\\STM32F1xx_HAL_Driver\\Src\\stm32f1xx_hal_cortex.c 0x00000000   Number         0  stm32f1xx_hal_cortex.o ABSOLUTE
    ..\\..\\platform\\STM32F103_NBEK\\Drivers\\STM32F1xx_HAL_Driver\\Src\\stm32f1xx_hal_crc.c 0x00000000   Number         0  stm32f1xx_hal_crc.o ABSOLUTE
    ..\\..\\platform\\STM32F103_NBEK\\Drivers\\STM32F1xx_HAL_Driver\\Src\\stm32f1xx_hal_dac.c 0x00000000   Number         0  stm32f1xx_hal_dac.o ABSOLUTE
    ..\\..\\platform\\STM32F103_NBEK\\Drivers\\STM32F1xx_HAL_Driver\\Src\\stm32f1xx_hal_dac_ex.c 0x00000000   Number         0  stm32f1xx_hal_dac_ex.o ABSOLUTE
    ..\\..\\platform\\STM32F103_NBEK\\Drivers\\STM32F1xx_HAL_Driver\\Src\\stm32f1xx_hal_dma.c 0x00000000   Number         0  stm32f1xx_hal_dma.o ABSOLUTE
    ..\\..\\platform\\STM32F103_NBEK\\Drivers\\STM32F1xx_HAL_Driver\\Src\\stm32f1xx_hal_eth.c 0x00000000   Number         0  stm32f1xx_hal_eth.o ABSOLUTE
    ..\\..\\platform\\STM32F103_NBEK\\Drivers\\STM32F1xx_HAL_Driver\\Src\\stm32f1xx_hal_flash.c 0x00000000   Number         0  stm32f1xx_hal_flash.o ABSOLUTE
    ..\\..\\platform\\STM32F103_NBEK\\Drivers\\STM32F1xx_HAL_Driver\\Src\\stm32f1xx_hal_flash_ex.c 0x00000000   Number         0  stm32f1xx_hal_flash_ex.o ABSOLUTE
    ..\\..\\platform\\STM32F103_NBEK\\Drivers\\STM32F1xx_HAL_Driver\\Src\\stm32f1xx_hal_gpio.c 0x00000000   Number         0  stm32f1xx_hal_gpio.o ABSOLUTE
    ..\\..\\platform\\STM32F103_NBEK\\Drivers\\STM32F1xx_HAL_Driver\\Src\\stm32f1xx_hal_gpio_ex.c 0x00000000   Number         0  stm32f1xx_hal_gpio_ex.o ABSOLUTE
    ..\\..\\platform\\STM32F103_NBEK\\Drivers\\STM32F1xx_HAL_Driver\\Src\\stm32f1xx_hal_hcd.c 0x00000000   Number         0  stm32f1xx_hal_hcd.o ABSOLUTE
    ..\\..\\platform\\STM32F103_NBEK\\Drivers\\STM32F1xx_HAL_Driver\\Src\\stm32f1xx_hal_i2c.c 0x00000000   Number         0  stm32f1xx_hal_i2c.o ABSOLUTE
    ..\\..\\platform\\STM32F103_NBEK\\Drivers\\STM32F1xx_HAL_Driver\\Src\\stm32f1xx_hal_i2s.c 0x00000000   Number         0  stm32f1xx_hal_i2s.o ABSOLUTE
    ..\\..\\platform\\STM32F103_NBEK\\Drivers\\STM32F1xx_HAL_Driver\\Src\\stm32f1xx_hal_irda.c 0x00000000   Number         0  stm32f1xx_hal_irda.o ABSOLUTE
    ..\\..\\platform\\STM32F103_NBEK\\Drivers\\STM32F1xx_HAL_Driver\\Src\\stm32f1xx_hal_iwdg.c 0x00000000   Number         0  stm32f1xx_hal_iwdg.o ABSOLUTE
    ..\\..\\platform\\STM32F103_NBEK\\Drivers\\STM32F1xx_HAL_Driver\\Src\\stm32f1xx_hal_mmc.c 0x00000000   Number         0  stm32f1xx_hal_mmc.o ABSOLUTE
    ..\\..\\platform\\STM32F103_NBEK\\Drivers\\STM32F1xx_HAL_Driver\\Src\\stm32f1xx_hal_msp_template.c 0x00000000   Number         0  stm32f1xx_hal_msp_template.o ABSOLUTE
    ..\\..\\platform\\STM32F103_NBEK\\Drivers\\STM32F1xx_HAL_Driver\\Src\\stm32f1xx_hal_nand.c 0x00000000   Number         0  stm32f1xx_hal_nand.o ABSOLUTE
    ..\\..\\platform\\STM32F103_NBEK\\Drivers\\STM32F1xx_HAL_Driver\\Src\\stm32f1xx_hal_nor.c 0x00000000   Number         0  stm32f1xx_hal_nor.o ABSOLUTE
    ..\\..\\platform\\STM32F103_NBEK\\Drivers\\STM32F1xx_HAL_Driver\\Src\\stm32f1xx_hal_pccard.c 0x00000000   Number         0  stm32f1xx_hal_pccard.o ABSOLUTE
    ..\\..\\platform\\STM32F103_NBEK\\Drivers\\STM32F1xx_HAL_Driver\\Src\\stm32f1xx_hal_pcd.c 0x00000000   Number         0  stm32f1xx_hal_pcd.o ABSOLUTE
    ..\\..\\platform\\STM32F103_NBEK\\Drivers\\STM32F1xx_HAL_Driver\\Src\\stm32f1xx_hal_pcd_ex.c 0x00000000   Number         0  stm32f1xx_hal_pcd_ex.o ABSOLUTE
    ..\\..\\platform\\STM32F103_NBEK\\Drivers\\STM32F1xx_HAL_Driver\\Src\\stm32f1xx_hal_pwr.c 0x00000000   Number         0  stm32f1xx_hal_pwr.o ABSOLUTE
    ..\\..\\platform\\STM32F103_NBEK\\Drivers\\STM32F1xx_HAL_Driver\\Src\\stm32f1xx_hal_rcc.c 0x00000000   Number         0  stm32f1xx_hal_rcc.o ABSOLUTE
    ..\\..\\platform\\STM32F103_NBEK\\Drivers\\STM32F1xx_HAL_Driver\\Src\\stm32f1xx_hal_rcc_ex.c 0x00000000   Number         0  stm32f1xx_hal_rcc_ex.o ABSOLUTE
    ..\\..\\platform\\STM32F103_NBEK\\Drivers\\STM32F1xx_HAL_Driver\\Src\\stm32f1xx_hal_rtc.c 0x00000000   Number         0  stm32f1xx_hal_rtc.o ABSOLUTE
    ..\\..\\platform\\STM32F103_NBEK\\Drivers\\STM32F1xx_HAL_Driver\\Src\\stm32f1xx_hal_rtc_ex.c 0x00000000   Number         0  stm32f1xx_hal_rtc_ex.o ABSOLUTE
    ..\\..\\platform\\STM32F103_NBEK\\Drivers\\STM32F1xx_HAL_Driver\\Src\\stm32f1xx_hal_sd.c 0x00000000   Number         0  stm32f1xx_hal_sd.o ABSOLUTE
    ..\\..\\platform\\STM32F103_NBEK\\Drivers\\STM32F1xx_HAL_Driver\\Src\\stm32f1xx_hal_smartcard.c 0x00000000   Number         0  stm32f1xx_hal_smartcard.o ABSOLUTE
    ..\\..\\platform\\STM32F103_NBEK\\Drivers\\STM32F1xx_HAL_Driver\\Src\\stm32f1xx_hal_spi.c 0x00000000   Number         0  stm32f1xx_hal_spi.o ABSOLUTE
    ..\\..\\platform\\STM32F103_NBEK\\Drivers\\STM32F1xx_HAL_Driver\\Src\\stm32f1xx_hal_spi_ex.c 0x00000000   Number         0  stm32f1xx_hal_spi_ex.o ABSOLUTE
    ..\\..\\platform\\STM32F103_NBEK\\Drivers\\STM32F1xx_HAL_Driver\\Src\\stm32f1xx_hal_sram.c 0x00000000   Number         0  stm32f1xx_hal_sram.o ABSOLUTE
    ..\\..\\platform\\STM32F103_NBEK\\Drivers\\STM32F1xx_HAL_Driver\\Src\\stm32f1xx_hal_tim.c 0x00000000   Number         0  stm32f1xx_hal_tim.o ABSOLUTE
    ..\\..\\platform\\STM32F103_NBEK\\Drivers\\STM32F1xx_HAL_Driver\\Src\\stm32f1xx_hal_tim_ex.c 0x00000000   Number         0  stm32f1xx_hal_tim_ex.o ABSOLUTE
    ..\\..\\platform\\STM32F103_NBEK\\Drivers\\STM32F1xx_HAL_Driver\\Src\\stm32f1xx_hal_uart.c 0x00000000   Number         0  stm32f1xx_hal_uart.o ABSOLUTE
    ..\\..\\platform\\STM32F103_NBEK\\Drivers\\STM32F1xx_HAL_Driver\\Src\\stm32f1xx_hal_usart.c 0x00000000   Number         0  stm32f1xx_hal_usart.o ABSOLUTE
    ..\\..\\platform\\STM32F103_NBEK\\Drivers\\STM32F1xx_HAL_Driver\\Src\\stm32f1xx_hal_wwdg.c 0x00000000   Number         0  stm32f1xx_hal_wwdg.o ABSOLUTE
    ..\\..\\platform\\STM32F103_NBEK\\Drivers\\STM32F1xx_HAL_Driver\\Src\\stm32f1xx_ll_fsmc.c 0x00000000   Number         0  stm32f1xx_ll_fsmc.o ABSOLUTE
    ..\\..\\platform\\STM32F103_NBEK\\Drivers\\STM32F1xx_HAL_Driver\\Src\\stm32f1xx_ll_sdmmc.c 0x00000000   Number         0  stm32f1xx_ll_sdmmc.o ABSOLUTE
    ..\\..\\platform\\STM32F103_NBEK\\Drivers\\STM32F1xx_HAL_Driver\\Src\\stm32f1xx_ll_usb.c 0x00000000   Number         0  stm32f1xx_ll_usb.o ABSOLUTE
    ..\\..\\platform\\STM32F103_NBEK\\Drivers\\STM32F1xx_HAL_Driver\\Src\\stm32f1xx_ll_utils.c 0x00000000   Number         0  stm32f1xx_ll_utils.o ABSOLUTE
    ..\\..\\platform\\STM32F103_NBEK\\Src\\gpio.c 0x00000000   Number         0  gpio.o ABSOLUTE
    ..\\..\\platform\\STM32F103_NBEK\\Src\\usart.c 0x00000000   Number         0  usart.o ABSOLUTE
    ..\\..\\platform\\STM32F103_NBEK\\los_bsp_adapter.c 0x00000000   Number         0  los_bsp_adapter.o ABSOLUTE
    ..\\..\\platform\\STM32F103_NBEK\\los_bsp_led.c 0x00000000   Number         0  los_bsp_led.o ABSOLUTE
    ..\\..\\platform\\STM32F103_NBEK\\los_bsp_uart.c 0x00000000   Number         0  los_bsp_uart.o ABSOLUTE
    ..\\..\\platform\\STM32F103_NBEK\\stm32f1xx_nbek.c 0x00000000   Number         0  stm32f1xx_nbek.o ABSOLUTE
    ..\\..\\user\\main.c                     0x00000000   Number         0  main.o ABSOLUTE
    cdrcmple.s                               0x00000000   Number         0  cdrcmple.o ABSOLUTE
    dc.s                                     0x00000000   Number         0  dc.o ABSOLUTE
    handlers.s                               0x00000000   Number         0  handlers.o ABSOLUTE
    init.s                                   0x00000000   Number         0  init.o ABSOLUTE
    RESET                                    0x08000000   Section       92  los_startup_keil.o(RESET)
    .ARM.Collect$$$$00000000                 0x0800005c   Section        0  entry.o(.ARM.Collect$$$$00000000)
    .ARM.Collect$$$$00000002                 0x0800005c   Section        4  entry3.o(.ARM.Collect$$$$00000002)
    .ARM.Collect$$$$00000004                 0x08000060   Section        4  entry5.o(.ARM.Collect$$$$00000004)
    .ARM.Collect$$$$00000008                 0x08000064   Section        0  entry7b.o(.ARM.Collect$$$$00000008)
    .ARM.Collect$$$$0000000A                 0x08000064   Section        0  entry8b.o(.ARM.Collect$$$$0000000A)
    .ARM.Collect$$$$0000000B                 0x08000064   Section        8  entry9a.o(.ARM.Collect$$$$0000000B)
    .ARM.Collect$$$$0000000D                 0x0800006c   Section        0  entry10a.o(.ARM.Collect$$$$0000000D)
    .ARM.Collect$$$$0000000F                 0x0800006c   Section        0  entry11a.o(.ARM.Collect$$$$0000000F)
    .ARM.Collect$$$$00002713                 0x0800006c   Section        4  entry3.o(.ARM.Collect$$$$00002713)
    __lit__00000000                          0x0800006c   Data           4  entry3.o(.ARM.Collect$$$$00002713)
    .text                                    0x08000070   Section       92  los_dispatch_keil.o(.text)
    .text                                    0x080000cc   Section        0  uldiv.o(.text)
    .text                                    0x0800012e   Section        0  llushr.o(.text)
    .text                                    0x0800014e   Section        0  memseta.o(.text)
    .text                                    0x08000172   Section        0  ddiv.o(.text)
    .text                                    0x08000250   Section        0  dfixul.o(.text)
    .text                                    0x08000280   Section        0  uidiv.o(.text)
    .text                                    0x080002ac   Section        0  llshl.o(.text)
    .text                                    0x080002ca   Section        0  iusefp.o(.text)
    .text                                    0x080002ca   Section        0  depilogue.o(.text)
    .text                                    0x08000384   Section        0  dadd.o(.text)
    .text                                    0x080004d2   Section        0  dmul.o(.text)
    .text                                    0x080005b8   Section       48  cdrcmple.o(.text)
    .text                                    0x080005e8   Section       36  init.o(.text)
    .text                                    0x0800060c   Section        0  llsshr.o(.text)
    .text                                    0x08000630   Section        0  __dczerorl2.o(.text)
    KERNEL                                   0x08000688   Section      136  los_dispatch_keil.o(KERNEL)
    i.BSP_LED_Off                            0x08000710   Section        0  los_bsp_led.o(i.BSP_LED_Off)
    BSP_LED_Off                              0x08000711   Thumb Code    30  los_bsp_led.o(i.BSP_LED_Off)
    i.BSP_LED_On                             0x08000734   Section        0  los_bsp_led.o(i.BSP_LED_On)
    BSP_LED_On                               0x08000735   Thumb Code    30  los_bsp_led.o(i.BSP_LED_On)
    i.Board_GPIO_Init                        0x08000758   Section        0  gpio.o(i.Board_GPIO_Init)
    i.Board_GPIO_OneInit                     0x08000780   Section        0  gpio.o(i.Board_GPIO_OneInit)
    i.Board_UART_Init                        0x080007e4   Section        0  usart.o(i.Board_UART_Init)
    i.GPIO_EnableClock                       0x08000828   Section        0  gpio.o(i.GPIO_EnableClock)
    GPIO_EnableClock                         0x08000829   Thumb Code   188  gpio.o(i.GPIO_EnableClock)
    i.HAL_GPIO_Init                          0x080008fc   Section        0  stm32f1xx_hal_gpio.o(i.HAL_GPIO_Init)
    i.HAL_GPIO_WritePin                      0x08000c18   Section        0  stm32f1xx_hal_gpio.o(i.HAL_GPIO_WritePin)
    i.HAL_GetTick                            0x08000c24   Section        0  stm32f1xx_hal.o(i.HAL_GetTick)
    i.HAL_IncTick                            0x08000c30   Section        0  stm32f1xx_hal.o(i.HAL_IncTick)
    i.HAL_Init                               0x08000c48   Section        0  stm32f1xx_hal.o(i.HAL_Init)
    i.HAL_InitTick                           0x08000c70   Section        0  stm32f1xx_hal.o(i.HAL_InitTick)
    i.HAL_MspInit                            0x08000cbc   Section        0  stm32f1xx_hal_msp_template.o(i.HAL_MspInit)
    i.HAL_NVIC_SetPriority                   0x08000cbe   Section        0  stm32f1xx_hal_cortex.o(i.HAL_NVIC_SetPriority)
    i.HAL_NVIC_SetPriorityGrouping           0x08000d3c   Section        0  stm32f1xx_hal_cortex.o(i.HAL_NVIC_SetPriorityGrouping)
    i.HAL_RCC_ClockConfig                    0x08000d64   Section        0  stm32f1xx_hal_rcc.o(i.HAL_RCC_ClockConfig)
    i.HAL_RCC_GetHCLKFreq                    0x08000f08   Section        0  stm32f1xx_hal_rcc.o(i.HAL_RCC_GetHCLKFreq)
    i.HAL_RCC_GetPCLK1Freq                   0x08000f14   Section        0  stm32f1xx_hal_rcc.o(i.HAL_RCC_GetPCLK1Freq)
    i.HAL_RCC_GetPCLK2Freq                   0x08000f34   Section        0  stm32f1xx_hal_rcc.o(i.HAL_RCC_GetPCLK2Freq)
    i.HAL_RCC_GetSysClockFreq                0x08000f54   Section        0  stm32f1xx_hal_rcc.o(i.HAL_RCC_GetSysClockFreq)
    i.HAL_RCC_OscConfig                      0x08000fe8   Section        0  stm32f1xx_hal_rcc.o(i.HAL_RCC_OscConfig)
    i.HAL_SYSTICK_CLKSourceConfig            0x08001428   Section        0  stm32f1xx_hal_cortex.o(i.HAL_SYSTICK_CLKSourceConfig)
    i.HAL_SYSTICK_Config                     0x08001450   Section        0  stm32f1xx_hal_cortex.o(i.HAL_SYSTICK_Config)
    i.HAL_UART_Init                          0x08001484   Section        0  stm32f1xx_hal_uart.o(i.HAL_UART_Init)
    i.HAL_UART_MspInit                       0x080014f8   Section        0  usart.o(i.HAL_UART_MspInit)
    i.HAL_UART_Transmit                      0x08001544   Section        0  stm32f1xx_hal_uart.o(i.HAL_UART_Transmit)
    i.LOS_Align                              0x0800161a   Section        0  los_misc.o(i.LOS_Align)
    i.LOS_BoardLedEntry                      0x08001638   Section        0  los_led_entry.o(i.LOS_BoardLedEntry)
    i.LOS_BoardLedTskfunc                    0x08001680   Section        0  los_led_entry.o(i.LOS_BoardLedTskfunc)
    LOS_BoardLedTskfunc                      0x08001681   Thumb Code    48  los_led_entry.o(i.LOS_BoardLedTskfunc)
    i.LOS_DLnkInitMultiHead                  0x080016c4   Section        0  los_multipledlinkhead.o(i.LOS_DLnkInitMultiHead)
    i.LOS_DLnkMultiHead                      0x080016e2   Section        0  los_multipledlinkhead.o(i.LOS_DLnkMultiHead)
    i.LOS_EnableTick                         0x0800170c   Section        0  los_config.o(i.LOS_EnableTick)
    i.LOS_EvbLedControl                      0x08001718   Section        0  los_bsp_led.o(i.LOS_EvbLedControl)
    i.LOS_EvbLedInit                         0x0800173c   Section        0  los_bsp_led.o(i.LOS_EvbLedInit)
    i.LOS_EvbSetup                           0x0800174c   Section        0  los_bsp_adapter.o(i.LOS_EvbSetup)
    i.LOS_EvbUartInit                        0x08001758   Section        0  los_bsp_uart.o(i.LOS_EvbUartInit)
    i.LOS_EvbUartWriteStr                    0x08001790   Section        0  los_bsp_uart.o(i.LOS_EvbUartWriteStr)
    i.LOS_EventInit                          0x080017b4   Section        0  los_event.o(i.LOS_EventInit)
    i.LOS_HwiCreate                          0x080017d0   Section        0  los_hwi.o(i.LOS_HwiCreate)
    i.LOS_KernelInit                         0x08001850   Section        0  los_config.o(i.LOS_KernelInit)
    i.LOS_LED_Tskfunc                        0x08001864   Section        0  los_nbiot_entry.o(i.LOS_LED_Tskfunc)
    LOS_LED_Tskfunc                          0x08001865   Thumb Code    18  los_nbiot_entry.o(i.LOS_LED_Tskfunc)
    i.LOS_ListAdd                            0x0800188c   Section        0  los_task.o(i.LOS_ListAdd)
    LOS_ListAdd                              0x0800188d   Thumb Code    14  los_task.o(i.LOS_ListAdd)
    i.LOS_ListAdd                            0x0800189a   Section        0  los_mux.o(i.LOS_ListAdd)
    LOS_ListAdd                              0x0800189b   Thumb Code    14  los_mux.o(i.LOS_ListAdd)
    i.LOS_ListAdd                            0x080018a8   Section        0  los_queue.o(i.LOS_ListAdd)
    LOS_ListAdd                              0x080018a9   Thumb Code    14  los_queue.o(i.LOS_ListAdd)
    i.LOS_ListAdd                            0x080018b6   Section        0  los_sem.o(i.LOS_ListAdd)
    LOS_ListAdd                              0x080018b7   Thumb Code    14  los_sem.o(i.LOS_ListAdd)
    i.LOS_ListAdd                            0x080018c4   Section        0  los_memory.o(i.LOS_ListAdd)
    LOS_ListAdd                              0x080018c5   Thumb Code    14  los_memory.o(i.LOS_ListAdd)
    i.LOS_ListDelete                         0x080018d2   Section        0  los_task.o(i.LOS_ListDelete)
    LOS_ListDelete                           0x080018d3   Thumb Code    20  los_task.o(i.LOS_ListDelete)
    i.LOS_ListDelete                         0x080018e6   Section        0  los_sem.o(i.LOS_ListDelete)
    LOS_ListDelete                           0x080018e7   Thumb Code    20  los_sem.o(i.LOS_ListDelete)
    i.LOS_ListDelete                         0x080018fa   Section        0  los_memory.o(i.LOS_ListDelete)
    LOS_ListDelete                           0x080018fb   Thumb Code    20  los_memory.o(i.LOS_ListDelete)
    i.LOS_ListEmpty                          0x0800190e   Section        0  los_task.o(i.LOS_ListEmpty)
    LOS_ListEmpty                            0x0800190f   Thumb Code    16  los_task.o(i.LOS_ListEmpty)
    i.LOS_ListEmpty                          0x0800191e   Section        0  los_queue.o(i.LOS_ListEmpty)
    LOS_ListEmpty                            0x0800191f   Thumb Code    16  los_queue.o(i.LOS_ListEmpty)
    i.LOS_ListEmpty                          0x0800192e   Section        0  los_sem.o(i.LOS_ListEmpty)
    LOS_ListEmpty                            0x0800192f   Thumb Code    16  los_sem.o(i.LOS_ListEmpty)
    i.LOS_ListInit                           0x0800193e   Section        0  los_task.o(i.LOS_ListInit)
    LOS_ListInit                             0x0800193f   Thumb Code     6  los_task.o(i.LOS_ListInit)
    i.LOS_ListInit                           0x08001944   Section        0  los_mux.o(i.LOS_ListInit)
    LOS_ListInit                             0x08001945   Thumb Code     6  los_mux.o(i.LOS_ListInit)
    i.LOS_ListInit                           0x0800194a   Section        0  los_queue.o(i.LOS_ListInit)
    LOS_ListInit                             0x0800194b   Thumb Code     6  los_queue.o(i.LOS_ListInit)
    i.LOS_ListInit                           0x08001950   Section        0  los_sem.o(i.LOS_ListInit)
    LOS_ListInit                             0x08001951   Thumb Code     6  los_sem.o(i.LOS_ListInit)
    i.LOS_ListTailInsert                     0x08001956   Section        0  los_task.o(i.LOS_ListTailInsert)
    LOS_ListTailInsert                       0x08001957   Thumb Code    16  los_task.o(i.LOS_ListTailInsert)
    i.LOS_ListTailInsert                     0x08001966   Section        0  los_mux.o(i.LOS_ListTailInsert)
    LOS_ListTailInsert                       0x08001967   Thumb Code    16  los_mux.o(i.LOS_ListTailInsert)
    i.LOS_ListTailInsert                     0x08001976   Section        0  los_sem.o(i.LOS_ListTailInsert)
    LOS_ListTailInsert                       0x08001977   Thumb Code    16  los_sem.o(i.LOS_ListTailInsert)
    i.LOS_Log2                               0x08001988   Section        0  los_multipledlinkhead.o(i.LOS_Log2)
    LOS_Log2                                 0x08001989   Thumb Code   320  los_multipledlinkhead.o(i.LOS_Log2)
    i.LOS_MemAlloc                           0x08001acc   Section        0  los_memory.o(i.LOS_MemAlloc)
    i.LOS_MemAllocAlign                      0x08001b06   Section        0  los_memory.o(i.LOS_MemAllocAlign)
    i.LOS_MemFree                            0x08001b72   Section        0  los_memory.o(i.LOS_MemFree)
    i.LOS_MemInit                            0x08001bc6   Section        0  los_memory.o(i.LOS_MemInit)
    i.LOS_MemboxAlloc                        0x08001c6c   Section        0  los_membox.o(i.LOS_MemboxAlloc)
    i.LOS_MemboxFree                         0x08001cac   Section        0  los_membox.o(i.LOS_MemboxFree)
    i.LOS_MemboxInit                         0x08001d50   Section        0  los_membox.o(i.LOS_MemboxInit)
    i.LOS_NBIOT_Entry                        0x08001dd0   Section        0  los_nbiot_entry.o(i.LOS_NBIOT_Entry)
    i.LOS_NbIot_Tskfunc                      0x08001e5c   Section        0  los_nbiot_entry.o(i.LOS_NbIot_Tskfunc)
    i.LOS_PriqueueDequeue                    0x08001e8c   Section        0  los_priqueue.o(i.LOS_PriqueueDequeue)
    i.LOS_PriqueueEnqueue                    0x08001ea4   Section        0  los_priqueue.o(i.LOS_PriqueueEnqueue)
    i.LOS_PriqueueSize                       0x08001ec8   Section        0  los_priqueue.o(i.LOS_PriqueueSize)
    i.LOS_PriqueueTop                        0x08001ef0   Section        0  los_priqueue.o(i.LOS_PriqueueTop)
    i.LOS_QueueCreate                        0x08001f2c   Section        0  los_queue.o(i.LOS_QueueCreate)
    i.LOS_QueueRead                          0x08001fa8   Section        0  los_queue.o(i.LOS_QueueRead)
    i.LOS_QueueWrite                         0x080020d8   Section        0  los_queue.o(i.LOS_QueueWrite)
    i.LOS_Schedule                           0x08002214   Section        0  los_hw.o(i.LOS_Schedule)
    i.LOS_SemPost                            0x08002254   Section        0  los_sem.o(i.LOS_SemPost)
    i.LOS_SetTickSycle                       0x0800230c   Section        0  los_hw_tick.o(i.LOS_SetTickSycle)
    i.LOS_Start                              0x08002318   Section        0  los_config.o(i.LOS_Start)
    i.LOS_TaskCreate                         0x08002324   Section        0  los_task.o(i.LOS_TaskCreate)
    i.LOS_TaskCreateOnly                     0x080023c0   Section        0  los_task.o(i.LOS_TaskCreateOnly)
    i.LOS_TaskDelay                          0x08002544   Section        0  los_task.o(i.LOS_TaskDelay)
    i.LOS_TaskLock                           0x080025c4   Section        0  los_task.o(i.LOS_TaskLock)
    i.LOS_TaskUnlock                         0x080025e4   Section        0  los_task.o(i.LOS_TaskUnlock)
    i.LOS_TaskYield                          0x08002620   Section        0  los_task.o(i.LOS_TaskYield)
    i.LOS_TickHandler                        0x080026a4   Section        0  los_hw_tick.o(i.LOS_TickHandler)
    i.LosAdapIntInit                         0x080026dc   Section        0  los_bsp_adapter.o(i.LosAdapIntInit)
    i.LosAdapIrqEnable                       0x080026f8   Section        0  los_bsp_adapter.o(i.LosAdapIrqEnable)
    i.NVIC_GetPriorityGrouping               0x08002728   Section        0  stm32f1xx_hal_cortex.o(i.NVIC_GetPriorityGrouping)
    NVIC_GetPriorityGrouping                 0x08002729   Thumb Code    10  stm32f1xx_hal_cortex.o(i.NVIC_GetPriorityGrouping)
    i.NVIC_SetPriority                       0x08002738   Section        0  stm32f1xx_hal_cortex.o(i.NVIC_SetPriority)
    NVIC_SetPriority                         0x08002739   Thumb Code    32  stm32f1xx_hal_cortex.o(i.NVIC_SetPriority)
    i.RCC_Delay                              0x08002760   Section        0  stm32f1xx_hal_rcc.o(i.RCC_Delay)
    RCC_Delay                                0x08002761   Thumb Code    36  stm32f1xx_hal_rcc.o(i.RCC_Delay)
    i.SysTick_Handler                        0x08002788   Section        0  los_bsp_adapter.o(i.SysTick_Handler)
    i.SystemClock_Config                     0x08002794   Section        0  main.o(i.SystemClock_Config)
    i.UART_SetConfig                         0x08002838   Section        0  stm32f1xx_hal_uart.o(i.UART_SetConfig)
    UART_SetConfig                           0x08002839   Thumb Code   450  stm32f1xx_hal_uart.o(i.UART_SetConfig)
    i.UART_WaitOnFlagUntilTimeout            0x08002a00   Section        0  stm32f1xx_hal_uart.o(i.UART_WaitOnFlagUntilTimeout)
    UART_WaitOnFlagUntilTimeout              0x08002a01   Thumb Code   108  stm32f1xx_hal_uart.o(i.UART_WaitOnFlagUntilTimeout)
    i._Error_Handler                         0x08002a6c   Section        0  main.o(i._Error_Handler)
    i.__0printf                              0x08002a70   Section        0  printfa.o(i.__0printf)
    i.__scatterload_copy                     0x08002a90   Section       14  handlers.o(i.__scatterload_copy)
    i.__scatterload_null                     0x08002a9e   Section        2  handlers.o(i.__scatterload_null)
    i.__scatterload_zeroinit                 0x08002aa0   Section       14  handlers.o(i.__scatterload_zeroinit)
    i._fp_digits                             0x08002ab0   Section        0  printfa.o(i._fp_digits)
    _fp_digits                               0x08002ab1   Thumb Code   334  printfa.o(i._fp_digits)
    i._printf_core                           0x08002c14   Section        0  printfa.o(i._printf_core)
    _printf_core                             0x08002c15   Thumb Code  1744  printfa.o(i._printf_core)
    i._printf_post_padding                   0x080032f0   Section        0  printfa.o(i._printf_post_padding)
    _printf_post_padding                     0x080032f1   Thumb Code    36  printfa.o(i._printf_post_padding)
    i._printf_pre_padding                    0x08003314   Section        0  printfa.o(i._printf_pre_padding)
    _printf_pre_padding                      0x08003315   Thumb Code    46  printfa.o(i._printf_pre_padding)
    i.fputc                                  0x08003344   Section        0  los_bsp_uart.o(i.fputc)
    i.main                                   0x08003360   Section        0  main.o(i.main)
    i.osGetVectorAddr                        0x08003398   Section        0  los_hwi.o(i.osGetVectorAddr)
    i.osHwiDefaultHandler                    0x080033a0   Section        0  los_hwi.o(i.osHwiDefaultHandler)
    i.osHwiInit                              0x080033a8   Section        0  los_hwi.o(i.osHwiInit)
    i.osIdleTask                             0x080033cc   Section        0  los_task.o(i.osIdleTask)
    i.osIdleTaskCreate                       0x080033d0   Section        0  los_task.o(i.osIdleTaskCreate)
    i.osIntNumGet                            0x0800341c   Section        0  los_hwi.o(i.osIntNumGet)
    i.osInterrupt                            0x08003428   Section        0  los_hwi.o(i.osInterrupt)
    i.osMain                                 0x08003478   Section        0  los_config.o(i.osMain)
    i.osMemAllocWithCheck                    0x080034e8   Section        0  los_memory.o(i.osMemAllocWithCheck)
    osMemAllocWithCheck                      0x080034e9   Thumb Code    92  los_memory.o(i.osMemAllocWithCheck)
    i.osMemCheckUsedNode                     0x08003544   Section        0  los_memory.o(i.osMemCheckUsedNode)
    osMemCheckUsedNode                       0x08003545   Thumb Code   152  los_memory.o(i.osMemCheckUsedNode)
    i.osMemFindSuitableFreeBlock             0x080035dc   Section        0  los_memory.o(i.osMemFindSuitableFreeBlock)
    osMemFindSuitableFreeBlock               0x080035dd   Thumb Code    80  los_memory.o(i.osMemFindSuitableFreeBlock)
    i.osMemFreeNode                          0x0800362c   Section        0  los_memory.o(i.osMemFreeNode)
    osMemFreeNode                            0x0800362d   Thumb Code   178  los_memory.o(i.osMemFreeNode)
    i.osMemIsNodeValid                       0x080036de   Section        0  los_memory.o(i.osMemIsNodeValid)
    osMemIsNodeValid                         0x080036df   Thumb Code    62  los_memory.o(i.osMemIsNodeValid)
    i.osMemMergeNode                         0x0800371c   Section        0  los_memory.o(i.osMemMergeNode)
    osMemMergeNode                           0x0800371d   Thumb Code    36  los_memory.o(i.osMemMergeNode)
    i.osMemSetMagicNumAndTaskid              0x08003740   Section        0  los_memory.o(i.osMemSetMagicNumAndTaskid)
    osMemSetMagicNumAndTaskid                0x08003741   Thumb Code    28  los_memory.o(i.osMemSetMagicNumAndTaskid)
    i.osMemSpitNode                          0x08003760   Section        0  los_memory.o(i.osMemSpitNode)
    osMemSpitNode                            0x08003761   Thumb Code    92  los_memory.o(i.osMemSpitNode)
    i.osMemSystemInit                        0x080037bc   Section        0  los_memory.o(i.osMemSystemInit)
    i.osMuxInit                              0x080037e0   Section        0  los_mux.o(i.osMuxInit)
    i.osPriqueueInit                         0x0800383c   Section        0  los_priqueue.o(i.osPriqueueInit)
    i.osQueueCreate                          0x08003884   Section        0  los_queue.o(i.osQueueCreate)
    i.osQueueInit                            0x080038f4   Section        0  los_queue.o(i.osQueueInit)
    i.osQueuePend                            0x0800392c   Section        0  los_queue.o(i.osQueuePend)
    osQueuePend                              0x0800392d   Thumb Code   132  los_queue.o(i.osQueuePend)
    i.osQueueWakeUp                          0x080039b0   Section        0  los_queue.o(i.osQueueWakeUp)
    osQueueWakeUp                            0x080039b1   Thumb Code    90  los_queue.o(i.osQueueWakeUp)
    i.osRegister                             0x08003a0c   Section        0  los_config.o(i.osRegister)
    i.osSchedule                             0x08003a28   Section        0  los_hw.o(i.osSchedule)
    i.osSemInit                              0x08003a30   Section        0  los_sem.o(i.osSemInit)
    i.osSwTmrInit                            0x08003a88   Section        0  los_swtmr.o(i.osSwTmrInit)
    i.osSwTmrStart                           0x08003b34   Section        0  los_swtmr.o(i.osSwTmrStart)
    i.osSwTmrTask                            0x08003b94   Section        0  los_swtmr.o(i.osSwTmrTask)
    i.osSwTmrTaskCreate                      0x08003be4   Section        0  los_swtmr.o(i.osSwTmrTaskCreate)
    i.osSwTmrTimeoutHandle                   0x08003c2c   Section        0  los_swtmr.o(i.osSwTmrTimeoutHandle)
    osSwTmrTimeoutHandle                     0x08003c2d   Thumb Code   126  los_swtmr.o(i.osSwTmrTimeoutHandle)
    i.osSwtmrDelete                          0x08003cb8   Section        0  los_swtmr.o(i.osSwtmrDelete)
    osSwtmrDelete                            0x08003cb9   Thumb Code    16  los_swtmr.o(i.osSwtmrDelete)
    i.osSwtmrScan                            0x08003ccc   Section        0  los_swtmr.o(i.osSwtmrScan)
    i.osTaskAdd2TimerList                    0x08003cf0   Section        0  los_task.o(i.osTaskAdd2TimerList)
    i.osTaskEntry                            0x08003db0   Section        0  los_task.o(i.osTaskEntry)
    i.osTaskExit                             0x08003e54   Section        0  los_hw.o(i.osTaskExit)
    i.osTaskInit                             0x08003e5c   Section        0  los_task.o(i.osTaskInit)
    i.osTaskMemUsedDec                       0x08003f84   Section        0  los_memstat.o(i.osTaskMemUsedDec)
    i.osTaskMemUsedInc                       0x08003fb8   Section        0  los_memstat.o(i.osTaskMemUsedInc)
    i.osTaskScan                             0x08003ff4   Section        0  los_task.o(i.osTaskScan)
    i.osTaskSelfDelete                       0x080040d0   Section        0  los_task.o(i.osTaskSelfDelete)
    i.osTickHandler                          0x080041cc   Section        0  los_tick.o(i.osTickHandler)
    i.osTickStart                            0x080041f4   Section        0  los_bsp_adapter.o(i.osTickStart)
    i.osTimerListDelete                      0x08004260   Section        0  los_task.o(i.osTimerListDelete)
    i.osTimesliceCheck                       0x080042a8   Section        0  los_timeslice.o(i.osTimesliceCheck)
    i.osTimesliceInit                        0x080042f4   Section        0  los_timeslice.o(i.osTimesliceInit)
    i.osTskStackInit                         0x08004304   Section        0  los_hw.o(i.osTskStackInit)
    .constdata                               0x0800438c   Section        9  los_bsp_adapter.o(.constdata)
    .constdata                               0x08004398   Section       88  los_bsp_uart.o(.constdata)
    .constdata                               0x080043f0   Section       40  los_bsp_led.o(.constdata)
    .constdata                               0x08004418   Section       24  system_stm32f1xx.o(.constdata)
    .vector.bss                              0x20000000   Section     1024  los_hwi.o(.vector.bss)
    .data                                    0x20000600   Section        4  los_priqueue.o(.data)
    .data                                    0x20000604   Section       16  los_swtmr.o(.data)
    m_uwSwTmrHandlerQueue                    0x20000604   Data           4  los_swtmr.o(.data)
    .data                                    0x20000614   Section       68  los_task.o(.data)
    .data                                    0x20000658   Section       16  los_tick.o(.data)
    .data                                    0x20000668   Section        8  los_timeslice.o(.data)
    .data                                    0x20000670   Section       12  los_mux.o(.data)
    .data                                    0x2000067c   Section        4  los_queue.o(.data)
    .data                                    0x20000680   Section       12  los_sem.o(.data)
    .data                                    0x2000068c   Section        4  los_hw_tick.o(.data)
    .data                                    0x20000690   Section        4  los_hwi.o(.data)
    .data                                    0x20000694   Section        8  los_config.o(.data)
    .data                                    0x2000069c   Section        4  los_bsp_adapter.o(.data)
    g_ucycle_per_tick                        0x2000069c   Data           4  los_bsp_adapter.o(.data)
    .data                                    0x200006a0   Section       16  los_nbiot_entry.o(.data)
    g_uwNBiotTaskID                          0x200006a0   Data           4  los_nbiot_entry.o(.data)
    g_uwLedTaskID                            0x200006a4   Data           4  los_nbiot_entry.o(.data)
    .data                                    0x200006b0   Section        4  los_led_entry.o(.data)
    g_uwLedTaskID                            0x200006b0   Data           4  los_led_entry.o(.data)
    .data                                    0x200006b4   Section        4  system_stm32f1xx.o(.data)
    .data                                    0x200006b8   Section        9  stm32f1xx_hal.o(.data)
    .data                                    0x200006c4   Section        4  stdout.o(.data)
    .bss                                     0x200006c8   Section      100  los_swtmr.o(.bss)
    .bss                                     0x2000072c   Section    10240  los_memory.o(.bss)
    .bss                                     0x20002f2c   Section       32  los_memstat.o(.bss)
    .bss                                     0x20002f4c   Section     1024  los_hwi.o(.bss)
    .bss                                     0x2000334c   Section      192  los_bsp_uart.o(.bss)
    UartHandle                               0x2000334c   Data          64  los_bsp_uart.o(.bss)
    _buffer                                  0x2000338c   Data         128  los_bsp_uart.o(.bss)
    .bss                                     0x2000340c   Section       12  los_nbiot_entry.o(.bss)
    net_state_event                          0x2000340c   Data          12  los_nbiot_entry.o(.bss)
    STACK                                    0x20003418   Section     1024  los_startup_keil.o(STACK)

    Global Symbols

    Symbol Name                              Value     Ov Type        Size  Object(Section)

    BuildAttributes$$THM_ISAv4$P$D$K$B$S$PE$A:L22UL41UL21$X:L11$S22US41US21$IEEE1$IW$USESV6$~STKCKD$USESV7$~SHL$OSPACE$ROPI$EBA8$MICROLIB$REQ8$PRES8$EABIv2 0x00000000   Number         0  anon$$obj.o ABSOLUTE
    __ARM_use_no_argv                        0x00000000   Number         0  main.o ABSOLUTE
    __cpp_initialize__aeabi_                  - Undefined Weak Reference
    __cxa_finalize                            - Undefined Weak Reference
    _clock_init                               - Undefined Weak Reference
    _microlib_exit                            - Undefined Weak Reference
    _BootVectors                             0x08000000   Data           0  los_startup_keil.o(RESET)
    Reset_Handler                            0x08000041   Thumb Code     0  los_startup_keil.o(RESET)
    __main                                   0x0800005d   Thumb Code     0  entry.o(.ARM.Collect$$$$00000000)
    _main_stk                                0x0800005d   Thumb Code     0  entry3.o(.ARM.Collect$$$$00000002)
    _main_scatterload                        0x08000061   Thumb Code     0  entry5.o(.ARM.Collect$$$$00000004)
    __main_after_scatterload                 0x08000065   Thumb Code     0  entry5.o(.ARM.Collect$$$$00000004)
    _main_clock                              0x08000065   Thumb Code     0  entry7b.o(.ARM.Collect$$$$00000008)
    _main_cpp_init                           0x08000065   Thumb Code     0  entry8b.o(.ARM.Collect$$$$0000000A)
    _main_init                               0x08000065   Thumb Code     0  entry9a.o(.ARM.Collect$$$$0000000B)
    __rt_final_cpp                           0x0800006d   Thumb Code     0  entry10a.o(.ARM.Collect$$$$0000000D)
    __rt_final_exit                          0x0800006d   Thumb Code     0  entry11a.o(.ARM.Collect$$$$0000000F)
    LOS_StartToRun                           0x08000071   Thumb Code     0  los_dispatch_keil.o(.text)
    __aeabi_uldivmod                         0x080000cd   Thumb Code    98  uldiv.o(.text)
    __aeabi_llsr                             0x0800012f   Thumb Code    32  llushr.o(.text)
    _ll_ushift_r                             0x0800012f   Thumb Code     0  llushr.o(.text)
    __aeabi_memset                           0x0800014f   Thumb Code    14  memseta.o(.text)
    __aeabi_memset4                          0x0800014f   Thumb Code     0  memseta.o(.text)
    __aeabi_memset8                          0x0800014f   Thumb Code     0  memseta.o(.text)
    __aeabi_memclr                           0x0800015d   Thumb Code     4  memseta.o(.text)
    __aeabi_memclr4                          0x0800015d   Thumb Code     0  memseta.o(.text)
    __aeabi_memclr8                          0x0800015d   Thumb Code     0  memseta.o(.text)
    _memset$wrapper                          0x08000161   Thumb Code    18  memseta.o(.text)
    __aeabi_ddiv                             0x08000173   Thumb Code   222  ddiv.o(.text)
    __aeabi_d2ulz                            0x08000251   Thumb Code    48  dfixul.o(.text)
    __aeabi_uidiv                            0x08000281   Thumb Code     0  uidiv.o(.text)
    __aeabi_uidivmod                         0x08000281   Thumb Code    44  uidiv.o(.text)
    __aeabi_llsl                             0x080002ad   Thumb Code    30  llshl.o(.text)
    _ll_shift_l                              0x080002ad   Thumb Code     0  llshl.o(.text)
    __I$use$fp                               0x080002cb   Thumb Code     0  iusefp.o(.text)
    _double_round                            0x080002cb   Thumb Code    30  depilogue.o(.text)
    _double_epilogue                         0x080002e9   Thumb Code   156  depilogue.o(.text)
    __aeabi_dadd                             0x08000385   Thumb Code   322  dadd.o(.text)
    __aeabi_dsub                             0x080004c7   Thumb Code     6  dadd.o(.text)
    __aeabi_drsub                            0x080004cd   Thumb Code     6  dadd.o(.text)
    __aeabi_dmul                             0x080004d3   Thumb Code   228  dmul.o(.text)
    __aeabi_cdrcmple                         0x080005b9   Thumb Code    48  cdrcmple.o(.text)
    __scatterload                            0x080005e9   Thumb Code    28  init.o(.text)
    __scatterload_rt2                        0x080005e9   Thumb Code     0  init.o(.text)
    __aeabi_lasr                             0x0800060d   Thumb Code    36  llsshr.o(.text)
    _ll_sshift_r                             0x0800060d   Thumb Code     0  llsshr.o(.text)
    __decompress                             0x08000631   Thumb Code     0  __dczerorl2.o(.text)
    __decompress1                            0x08000631   Thumb Code    86  __dczerorl2.o(.text)
    LOS_IntNumGet                            0x08000689   Thumb Code     0  los_dispatch_keil.o(KERNEL)
    osDisableIRQ                             0x0800068f   Thumb Code     0  los_dispatch_keil.o(KERNEL)
    LOS_IntLock                              0x08000693   Thumb Code     0  los_dispatch_keil.o(KERNEL)
    LOS_IntUnLock                            0x0800069b   Thumb Code     0  los_dispatch_keil.o(KERNEL)
    LOS_IntRestore                           0x080006a3   Thumb Code     0  los_dispatch_keil.o(KERNEL)
    osTaskSchedule                           0x080006a9   Thumb Code     0  los_dispatch_keil.o(KERNEL)
    PendSV_Handler                           0x080006b3   Thumb Code     0  los_dispatch_keil.o(KERNEL)
    Board_GPIO_Init                          0x08000759   Thumb Code    40  gpio.o(i.Board_GPIO_Init)
    Board_GPIO_OneInit                       0x08000781   Thumb Code    94  gpio.o(i.Board_GPIO_OneInit)
    Board_UART_Init                          0x080007e5   Thumb Code    22  usart.o(i.Board_UART_Init)
    HAL_GPIO_Init                            0x080008fd   Thumb Code   764  stm32f1xx_hal_gpio.o(i.HAL_GPIO_Init)
    HAL_GPIO_WritePin                        0x08000c19   Thumb Code    12  stm32f1xx_hal_gpio.o(i.HAL_GPIO_WritePin)
    HAL_GetTick                              0x08000c25   Thumb Code     6  stm32f1xx_hal.o(i.HAL_GetTick)
    HAL_IncTick                              0x08000c31   Thumb Code    16  stm32f1xx_hal.o(i.HAL_IncTick)
    HAL_Init                                 0x08000c49   Thumb Code    34  stm32f1xx_hal.o(i.HAL_Init)
    HAL_InitTick                             0x08000c71   Thumb Code    64  stm32f1xx_hal.o(i.HAL_InitTick)
    HAL_MspInit                              0x08000cbd   Thumb Code     2  stm32f1xx_hal_msp_template.o(i.HAL_MspInit)
    HAL_NVIC_SetPriority                     0x08000cbf   Thumb Code   124  stm32f1xx_hal_cortex.o(i.HAL_NVIC_SetPriority)
    HAL_NVIC_SetPriorityGrouping             0x08000d3d   Thumb Code    32  stm32f1xx_hal_cortex.o(i.HAL_NVIC_SetPriorityGrouping)
    HAL_RCC_ClockConfig                      0x08000d65   Thumb Code   402  stm32f1xx_hal_rcc.o(i.HAL_RCC_ClockConfig)
    HAL_RCC_GetHCLKFreq                      0x08000f09   Thumb Code     6  stm32f1xx_hal_rcc.o(i.HAL_RCC_GetHCLKFreq)
    HAL_RCC_GetPCLK1Freq                     0x08000f15   Thumb Code    22  stm32f1xx_hal_rcc.o(i.HAL_RCC_GetPCLK1Freq)
    HAL_RCC_GetPCLK2Freq                     0x08000f35   Thumb Code    22  stm32f1xx_hal_rcc.o(i.HAL_RCC_GetPCLK2Freq)
    HAL_RCC_GetSysClockFreq                  0x08000f55   Thumb Code   116  stm32f1xx_hal_rcc.o(i.HAL_RCC_GetSysClockFreq)
    HAL_RCC_OscConfig                        0x08000fe9   Thumb Code  1078  stm32f1xx_hal_rcc.o(i.HAL_RCC_OscConfig)
    HAL_SYSTICK_CLKSourceConfig              0x08001429   Thumb Code    40  stm32f1xx_hal_cortex.o(i.HAL_SYSTICK_CLKSourceConfig)
    HAL_SYSTICK_Config                       0x08001451   Thumb Code    52  stm32f1xx_hal_cortex.o(i.HAL_SYSTICK_Config)
    HAL_UART_Init                            0x08001485   Thumb Code   114  stm32f1xx_hal_uart.o(i.HAL_UART_Init)
    HAL_UART_MspInit                         0x080014f9   Thumb Code    62  usart.o(i.HAL_UART_MspInit)
    HAL_UART_Transmit                        0x08001545   Thumb Code   214  stm32f1xx_hal_uart.o(i.HAL_UART_Transmit)
    LOS_Align                                0x0800161b   Thumb Code    28  los_misc.o(i.LOS_Align)
    LOS_BoardLedEntry                        0x08001639   Thumb Code    52  los_led_entry.o(i.LOS_BoardLedEntry)
    LOS_DLnkInitMultiHead                    0x080016c5   Thumb Code    30  los_multipledlinkhead.o(i.LOS_DLnkInitMultiHead)
    LOS_DLnkMultiHead                        0x080016e3   Thumb Code    42  los_multipledlinkhead.o(i.LOS_DLnkMultiHead)
    LOS_EnableTick                           0x0800170d   Thumb Code    12  los_config.o(i.LOS_EnableTick)
    LOS_EvbLedControl                        0x08001719   Thumb Code    36  los_bsp_led.o(i.LOS_EvbLedControl)
    LOS_EvbLedInit                           0x0800173d   Thumb Code    10  los_bsp_led.o(i.LOS_EvbLedInit)
    LOS_EvbSetup                             0x0800174d   Thumb Code    12  los_bsp_adapter.o(i.LOS_EvbSetup)
    LOS_EvbUartInit                          0x08001759   Thumb Code    42  los_bsp_uart.o(i.LOS_EvbUartInit)
    LOS_EvbUartWriteStr                      0x08001791   Thumb Code    30  los_bsp_uart.o(i.LOS_EvbUartWriteStr)
    LOS_EventInit                            0x080017b5   Thumb Code    24  los_event.o(i.LOS_EventInit)
    LOS_HwiCreate                            0x080017d1   Thumb Code   106  los_hwi.o(i.LOS_HwiCreate)
    LOS_KernelInit                           0x08001851   Thumb Code    18  los_config.o(i.LOS_KernelInit)
    LOS_MemAlloc                             0x08001acd   Thumb Code    58  los_memory.o(i.LOS_MemAlloc)
    LOS_MemAllocAlign                        0x08001b07   Thumb Code   108  los_memory.o(i.LOS_MemAllocAlign)
    LOS_MemFree                              0x08001b73   Thumb Code    84  los_memory.o(i.LOS_MemFree)
    LOS_MemInit                              0x08001bc7   Thumb Code   166  los_memory.o(i.LOS_MemInit)
    LOS_MemboxAlloc                          0x08001c6d   Thumb Code    60  los_membox.o(i.LOS_MemboxAlloc)
    LOS_MemboxFree                           0x08001cad   Thumb Code   158  los_membox.o(i.LOS_MemboxFree)
    LOS_MemboxInit                           0x08001d51   Thumb Code   128  los_membox.o(i.LOS_MemboxInit)
    LOS_NBIOT_Entry                          0x08001dd1   Thumb Code   106  los_nbiot_entry.o(i.LOS_NBIOT_Entry)
    LOS_NbIot_Tskfunc                        0x08001e5d   Thumb Code    24  los_nbiot_entry.o(i.LOS_NbIot_Tskfunc)
    LOS_PriqueueDequeue                      0x08001e8d   Thumb Code    24  los_priqueue.o(i.LOS_PriqueueDequeue)
    LOS_PriqueueEnqueue                      0x08001ea5   Thumb Code    32  los_priqueue.o(i.LOS_PriqueueEnqueue)
    LOS_PriqueueSize                         0x08001ec9   Thumb Code    36  los_priqueue.o(i.LOS_PriqueueSize)
    LOS_PriqueueTop                          0x08001ef1   Thumb Code    54  los_priqueue.o(i.LOS_PriqueueTop)
    LOS_QueueCreate                          0x08001f2d   Thumb Code   118  los_queue.o(i.LOS_QueueCreate)
    LOS_QueueRead                            0x08001fa9   Thumb Code   282  los_queue.o(i.LOS_QueueRead)
    LOS_QueueWrite                           0x080020d9   Thumb Code   296  los_queue.o(i.LOS_QueueWrite)
    LOS_Schedule                             0x08002215   Thumb Code    56  los_hw.o(i.LOS_Schedule)
    LOS_SemPost                              0x08002255   Thumb Code   176  los_sem.o(i.LOS_SemPost)
    LOS_SetTickSycle                         0x0800230d   Thumb Code     6  los_hw_tick.o(i.LOS_SetTickSycle)
    LOS_Start                                0x08002319   Thumb Code    12  los_config.o(i.LOS_Start)
    LOS_TaskCreate                           0x08002325   Thumb Code   140  los_task.o(i.LOS_TaskCreate)
    LOS_TaskCreateOnly                       0x080023c1   Thumb Code   368  los_task.o(i.LOS_TaskCreateOnly)
    LOS_TaskDelay                            0x08002545   Thumb Code   106  los_task.o(i.LOS_TaskDelay)
    LOS_TaskLock                             0x080025c5   Thumb Code    26  los_task.o(i.LOS_TaskLock)
    LOS_TaskUnlock                           0x080025e5   Thumb Code    54  los_task.o(i.LOS_TaskUnlock)
    LOS_TaskYield                            0x08002621   Thumb Code   118  los_task.o(i.LOS_TaskYield)
    LOS_TickHandler                          0x080026a5   Thumb Code    52  los_hw_tick.o(i.LOS_TickHandler)
    LosAdapIntInit                           0x080026dd   Thumb Code    18  los_bsp_adapter.o(i.LosAdapIntInit)
    LosAdapIrqEnable                         0x080026f9   Thumb Code    46  los_bsp_adapter.o(i.LosAdapIrqEnable)
    SysTick_Handler                          0x08002789   Thumb Code    12  los_bsp_adapter.o(i.SysTick_Handler)
    SystemClock_Config                       0x08002795   Thumb Code   144  main.o(i.SystemClock_Config)
    _Error_Handler                           0x08002a6d   Thumb Code     4  main.o(i._Error_Handler)
    __0printf                                0x08002a71   Thumb Code    22  printfa.o(i.__0printf)
    __1printf                                0x08002a71   Thumb Code     0  printfa.o(i.__0printf)
    __2printf                                0x08002a71   Thumb Code     0  printfa.o(i.__0printf)
    __c89printf                              0x08002a71   Thumb Code     0  printfa.o(i.__0printf)
    printf                                   0x08002a71   Thumb Code     0  printfa.o(i.__0printf)
    __scatterload_copy                       0x08002a91   Thumb Code    14  handlers.o(i.__scatterload_copy)
    __scatterload_null                       0x08002a9f   Thumb Code     2  handlers.o(i.__scatterload_null)
    __scatterload_zeroinit                   0x08002aa1   Thumb Code    14  handlers.o(i.__scatterload_zeroinit)
    fputc                                    0x08003345   Thumb Code    22  los_bsp_uart.o(i.fputc)
    main                                     0x08003361   Thumb Code    54  main.o(i.main)
    osGetVectorAddr                          0x08003399   Thumb Code     4  los_hwi.o(i.osGetVectorAddr)
    osHwiDefaultHandler                      0x080033a1   Thumb Code     8  los_hwi.o(i.osHwiDefaultHandler)
    osHwiInit                                0x080033a9   Thumb Code    26  los_hwi.o(i.osHwiInit)
    osIdleTask                               0x080033cd   Thumb Code     4  los_task.o(i.osIdleTask)
    osIdleTaskCreate                         0x080033d1   Thumb Code    54  los_task.o(i.osIdleTaskCreate)
    osIntNumGet                              0x0800341d   Thumb Code    12  los_hwi.o(i.osIntNumGet)
    osInterrupt                              0x08003429   Thumb Code    70  los_hwi.o(i.osInterrupt)
    osMain                                   0x08003479   Thumb Code   108  los_config.o(i.osMain)
    osMemSystemInit                          0x080037bd   Thumb Code    26  los_memory.o(i.osMemSystemInit)
    osMuxInit                                0x080037e1   Thumb Code    74  los_mux.o(i.osMuxInit)
    osPriqueueInit                           0x0800383d   Thumb Code    64  los_priqueue.o(i.osPriqueueInit)
    osQueueCreate                            0x08003885   Thumb Code   100  los_queue.o(i.osQueueCreate)
    osQueueInit                              0x080038f5   Thumb Code    44  los_queue.o(i.osQueueInit)
    osRegister                               0x08003a0d   Thumb Code    14  los_config.o(i.osRegister)
    osSchedule                               0x08003a29   Thumb Code     8  los_hw.o(i.osSchedule)
    osSemInit                                0x08003a31   Thumb Code    70  los_sem.o(i.osSemInit)
    osSwTmrInit                              0x08003a89   Thumb Code   142  los_swtmr.o(i.osSwTmrInit)
    osSwTmrStart                             0x08003b35   Thumb Code    92  los_swtmr.o(i.osSwTmrStart)
    osSwTmrTask                              0x08003b95   Thumb Code    70  los_swtmr.o(i.osSwTmrTask)
    osSwTmrTaskCreate                        0x08003be5   Thumb Code    52  los_swtmr.o(i.osSwTmrTaskCreate)
    osSwtmrScan                              0x08003ccd   Thumb Code    32  los_swtmr.o(i.osSwtmrScan)
    osTaskAdd2TimerList                      0x08003cf1   Thumb Code   188  los_task.o(i.osTaskAdd2TimerList)
    osTaskEntry                              0x08003db1   Thumb Code   154  los_task.o(i.osTaskEntry)
    osTaskExit                               0x08003e55   Thumb Code     8  los_hw.o(i.osTaskExit)
    osTaskInit                               0x08003e5d   Thumb Code   258  los_task.o(i.osTaskInit)
    osTaskMemUsedDec                         0x08003f85   Thumb Code    40  los_memstat.o(i.osTaskMemUsedDec)
    osTaskMemUsedInc                         0x08003fb9   Thumb Code    48  los_memstat.o(i.osTaskMemUsedInc)
    osTaskScan                               0x08003ff5   Thumb Code   214  los_task.o(i.osTaskScan)
    osTaskSelfDelete                         0x080040d1   Thumb Code   236  los_task.o(i.osTaskSelfDelete)
    osTickHandler                            0x080041cd   Thumb Code    34  los_tick.o(i.osTickHandler)
    osTickStart                              0x080041f5   Thumb Code    92  los_bsp_adapter.o(i.osTickStart)
    osTimerListDelete                        0x08004261   Thumb Code    66  los_task.o(i.osTimerListDelete)
    osTimesliceCheck                         0x080042a9   Thumb Code    64  los_timeslice.o(i.osTimesliceCheck)
    osTimesliceInit                          0x080042f5   Thumb Code    12  los_timeslice.o(i.osTimesliceInit)
    osTskStackInit                           0x08004305   Thumb Code   128  los_hw.o(i.osTskStackInit)
    sys_clk_freq                             0x0800438c   Data           4  los_bsp_adapter.o(.constdata)
    tick_per_second                          0x08004390   Data           4  los_bsp_adapter.o(.constdata)
    g_use_ram_vect                           0x08004394   Data           1  los_bsp_adapter.o(.constdata)
    logTxPin                                 0x08004398   Data          32  los_bsp_uart.o(.constdata)
    logRxPin                                 0x080043b8   Data          32  los_bsp_uart.o(.constdata)
    uartLogHWAttrs                           0x080043d8   Data           8  los_bsp_uart.o(.constdata)
    logUartCfg                               0x080043e0   Data          16  los_bsp_uart.o(.constdata)
    LED_HWAtrrs                              0x080043f0   Data          32  los_bsp_led.o(.constdata)
    ledCfg                                   0x08004410   Data           8  los_bsp_led.o(.constdata)
    AHBPrescTable                            0x08004418   Data          16  system_stm32f1xx.o(.constdata)
    APBPrescTable                            0x08004428   Data           8  system_stm32f1xx.o(.constdata)
    Region$$Table$$Base                      0x08004430   Number         0  anon$$obj.o(Region$$Table)
    Region$$Table$$Limit                     0x08004460   Number         0  anon$$obj.o(Region$$Table)
    m_pstHwiForm                             0x20000000   Data        1024  los_hwi.o(.vector.bss)
    Image$$ARM_LIB_STACKHEAP$$ZI$$Limit      0x20000600   Number         0  anon$$obj.o ABSOLUTE
    g_pstLosPriorityQueueList                0x20000600   Data           4  los_priqueue.o(.data)
    m_pstSwtmrCBArray                        0x20000608   Data           4  los_swtmr.o(.data)
    m_pstSwtmrFreeList                       0x2000060c   Data           4  los_swtmr.o(.data)
    m_pstSwtmrSortList                       0x20000610   Data           4  los_swtmr.o(.data)
    g_pstTaskCBArray                         0x20000614   Data           4  los_task.o(.data)
    g_stLosTask                              0x20000618   Data           8  los_task.o(.data)
    g_usLosTaskLock                          0x20000620   Data           2  los_task.o(.data)
    g_uwTskMaxNum                            0x20000624   Data           4  los_task.o(.data)
    g_uwIdleTaskID                           0x20000628   Data           4  los_task.o(.data)
    g_uwSwtmrTaskID                          0x2000062c   Data           4  los_task.o(.data)
    g_stTaskTimerList                        0x20000630   Data           8  los_task.o(.data)
    g_stLosFreeTask                          0x20000638   Data           8  los_task.o(.data)
    g_stTskRecyleList                        0x20000640   Data           8  los_task.o(.data)
    g_stTskSortLink                          0x20000648   Data           8  los_task.o(.data)
    g_bTaskScheduled                         0x20000650   Data           4  los_task.o(.data)
    g_pfnTskSwitchHook                       0x20000654   Data           4  los_task.o(.data)
    g_ullTickCount                           0x20000658   Data           8  los_tick.o(.data)
    g_uwTicksPerSec                          0x20000660   Data           4  los_tick.o(.data)
    g_uwCyclePerSec                          0x20000664   Data           4  los_tick.o(.data)
    g_stTaskTimeSlice                        0x20000668   Data           8  los_timeslice.o(.data)
    g_pstAllMux                              0x20000670   Data           4  los_mux.o(.data)
    g_stUnusedMuxList                        0x20000674   Data           8  los_mux.o(.data)
    g_pstAllQueue                            0x2000067c   Data           4  los_queue.o(.data)
    g_stUnusedSemList                        0x20000680   Data           8  los_sem.o(.data)
    g_pstAllSem                              0x20000688   Data           4  los_sem.o(.data)
    g_uwCyclesPerTick                        0x2000068c   Data           4  los_hw_tick.o(.data)
    g_vuwIntCount                            0x20000690   Data           4  los_hwi.o(.data)
    m_aucSysMem0                             0x20000694   Data           4  los_config.o(.data)
    g_sys_mem_addr_end                       0x20000698   Data           4  los_config.o(.data)
    APP_STATE                                0x200006a8   Data           1  los_nbiot_entry.o(.data)
    seq_record                               0x200006a9   Data           1  los_nbiot_entry.o(.data)
    NB_Module_IMEI                           0x200006ac   Data           4  los_nbiot_entry.o(.data)
    SystemCoreClock                          0x200006b4   Data           4  system_stm32f1xx.o(.data)
    uwTick                                   0x200006b8   Data           4  stm32f1xx_hal.o(.data)
    uwTickPrio                               0x200006bc   Data           4  stm32f1xx_hal.o(.data)
    uwTickFreq                               0x200006c0   Data           1  stm32f1xx_hal.o(.data)
    __stdout                                 0x200006c4   Data           4  stdout.o(.data)
    m_aucSwTmrHandlerPool                    0x200006c8   Data         100  los_swtmr.o(.bss)
    g_ucMemStart                             0x2000072c   Data       10240  los_memory.o(.bss)
    g_TskMemUsedInfo                         0x20002f2c   Data          32  los_memstat.o(.bss)
    m_pstHwiSlaveForm                        0x20002f4c   Data        1024  los_hwi.o(.bss)
    __initial_sp                             0x20003818   Data           0  los_startup_keil.o(STACK)



==============================================================================

Memory Map of the image

  Image Entry point : 0x0800005d

  Load Region LR_IROM1 (Base: 0x08000000, Size: 0x00004928, Max: 0x0000d000, ABSOLUTE, COMPRESSED[0x00004548])

    Execution Region ER_IROM1 (Base: 0x08000000, Size: 0x00004460, Max: 0x0000d000, ABSOLUTE)

    Base Addr    Size         Type   Attr      Idx    E Section Name        Object

    0x08000000   0x0000005c   Code   RO         4277    RESET               los_startup_keil.o
    0x0800005c   0x00000000   Code   RO         4316  * .ARM.Collect$$$$00000000  mc_w.l(entry.o)
    0x0800005c   0x00000004   Code   RO         4595    .ARM.Collect$$$$00000002  mc_w.l(entry3.o)
    0x08000060   0x00000004   Code   RO         4598    .ARM.Collect$$$$00000004  mc_w.l(entry5.o)
    0x08000064   0x00000000   Code   RO         4600    .ARM.Collect$$$$00000008  mc_w.l(entry7b.o)
    0x08000064   0x00000000   Code   RO         4602    .ARM.Collect$$$$0000000A  mc_w.l(entry8b.o)
    0x08000064   0x00000008   Code   RO         4603    .ARM.Collect$$$$0000000B  mc_w.l(entry9a.o)
    0x0800006c   0x00000000   Code   RO         4605    .ARM.Collect$$$$0000000D  mc_w.l(entry10a.o)
    0x0800006c   0x00000000   Code   RO         4607    .ARM.Collect$$$$0000000F  mc_w.l(entry11a.o)
    0x0800006c   0x00000004   Code   RO         4596    .ARM.Collect$$$$00002713  mc_w.l(entry3.o)
    0x08000070   0x0000005c   Code   RO         1221    .text               los_dispatch_keil.o
    0x080000cc   0x00000062   Code   RO         4319    .text               mc_w.l(uldiv.o)
    0x0800012e   0x00000020   Code   RO         4321    .text               mc_w.l(llushr.o)
    0x0800014e   0x00000024   Code   RO         4325    .text               mc_w.l(memseta.o)
    0x08000172   0x000000de   Code   RO         4589    .text               mf_w.l(ddiv.o)
    0x08000250   0x00000030   Code   RO         4593    .text               mf_w.l(dfixul.o)
    0x08000280   0x0000002c   Code   RO         4610    .text               mc_w.l(uidiv.o)
    0x080002ac   0x0000001e   Code   RO         4612    .text               mc_w.l(llshl.o)
    0x080002ca   0x00000000   Code   RO         4614    .text               mc_w.l(iusefp.o)
    0x080002ca   0x000000ba   Code   RO         4615    .text               mf_w.l(depilogue.o)
    0x08000384   0x0000014e   Code   RO         4617    .text               mf_w.l(dadd.o)
    0x080004d2   0x000000e4   Code   RO         4619    .text               mf_w.l(dmul.o)
    0x080005b6   0x00000002   PAD
    0x080005b8   0x00000030   Code   RO         4621    .text               mf_w.l(cdrcmple.o)
    0x080005e8   0x00000024   Code   RO         4623    .text               mc_w.l(init.o)
    0x0800060c   0x00000024   Code   RO         4625    .text               mc_w.l(llsshr.o)
    0x08000630   0x00000056   Code   RO         4635    .text               mc_w.l(__dczerorl2.o)
    0x08000686   0x00000002   PAD
    0x08000688   0x00000088   Code   RO         1222    KERNEL              los_dispatch_keil.o
    0x08000710   0x00000024   Code   RO         1868    i.BSP_LED_Off       los_bsp_led.o
    0x08000734   0x00000024   Code   RO         1869    i.BSP_LED_On        los_bsp_led.o
    0x08000758   0x00000028   Code   RO         2038    i.Board_GPIO_Init   gpio.o
    0x08000780   0x00000064   Code   RO         2039    i.Board_GPIO_OneInit  gpio.o
    0x080007e4   0x00000044   Code   RO         1917    i.Board_UART_Init   usart.o
    0x08000828   0x000000d4   Code   RO         2042    i.GPIO_EnableClock  gpio.o
    0x080008fc   0x0000031c   Code   RO         2952    i.HAL_GPIO_Init     stm32f1xx_hal_gpio.o
    0x08000c18   0x0000000c   Code   RO         2956    i.HAL_GPIO_WritePin  stm32f1xx_hal_gpio.o
    0x08000c24   0x0000000c   Code   RO         2231    i.HAL_GetTick       stm32f1xx_hal.o
    0x08000c30   0x00000018   Code   RO         2235    i.HAL_IncTick       stm32f1xx_hal.o
    0x08000c48   0x00000028   Code   RO         2236    i.HAL_Init          stm32f1xx_hal.o
    0x08000c70   0x0000004c   Code   RO         2237    i.HAL_InitTick      stm32f1xx_hal.o
    0x08000cbc   0x00000002   Code   RO         3160    i.HAL_MspInit       stm32f1xx_hal_msp_template.o
    0x08000cbe   0x0000007c   Code   RO         2459    i.HAL_NVIC_SetPriority  stm32f1xx_hal_cortex.o
    0x08000d3a   0x00000002   PAD
    0x08000d3c   0x00000028   Code   RO         2460    i.HAL_NVIC_SetPriorityGrouping  stm32f1xx_hal_cortex.o
    0x08000d64   0x000001a4   Code   RO         3417    i.HAL_RCC_ClockConfig  stm32f1xx_hal_rcc.o
    0x08000f08   0x0000000c   Code   RO         3422    i.HAL_RCC_GetHCLKFreq  stm32f1xx_hal_rcc.o
    0x08000f14   0x00000020   Code   RO         3424    i.HAL_RCC_GetPCLK1Freq  stm32f1xx_hal_rcc.o
    0x08000f34   0x00000020   Code   RO         3425    i.HAL_RCC_GetPCLK2Freq  stm32f1xx_hal_rcc.o
    0x08000f54   0x00000094   Code   RO         3426    i.HAL_RCC_GetSysClockFreq  stm32f1xx_hal_rcc.o
    0x08000fe8   0x00000440   Code   RO         3429    i.HAL_RCC_OscConfig  stm32f1xx_hal_rcc.o
    0x08001428   0x00000028   Code   RO         2462    i.HAL_SYSTICK_CLKSourceConfig  stm32f1xx_hal_cortex.o
    0x08001450   0x00000034   Code   RO         2464    i.HAL_SYSTICK_Config  stm32f1xx_hal_cortex.o
    0x08001484   0x00000072   Code   RO         3746    i.HAL_UART_Init     stm32f1xx_hal_uart.o
    0x080014f6   0x00000002   PAD
    0x080014f8   0x0000004c   Code   RO         1922    i.HAL_UART_MspInit  usart.o
    0x08001544   0x000000d6   Code   RO         3754    i.HAL_UART_Transmit  stm32f1xx_hal_uart.o
    0x0800161a   0x0000001c   Code   RO         1089    i.LOS_Align         los_misc.o
    0x08001636   0x00000002   PAD
    0x08001638   0x00000048   Code   RO         2132    i.LOS_BoardLedEntry  los_led_entry.o
    0x08001680   0x00000044   Code   RO         2133    i.LOS_BoardLedTskfunc  los_led_entry.o
    0x080016c4   0x0000001e   Code   RO         1057    i.LOS_DLnkInitMultiHead  los_multipledlinkhead.o
    0x080016e2   0x0000002a   Code   RO         1058    i.LOS_DLnkMultiHead  los_multipledlinkhead.o
    0x0800170c   0x0000000c   Code   RO         1228    i.LOS_EnableTick    los_config.o
    0x08001718   0x00000024   Code   RO         1871    i.LOS_EvbLedControl  los_bsp_led.o
    0x0800173c   0x00000010   Code   RO         1872    i.LOS_EvbLedInit    los_bsp_led.o
    0x0800174c   0x0000000c   Code   RO         1625    i.LOS_EvbSetup      los_bsp_adapter.o
    0x08001758   0x00000038   Code   RO         1803    i.LOS_EvbUartInit   los_bsp_uart.o
    0x08001790   0x00000024   Code   RO         1806    i.LOS_EvbUartWriteStr  los_bsp_uart.o
    0x080017b4   0x0000001c   Code   RO          575    i.LOS_EventInit     los_event.o
    0x080017d0   0x00000080   Code   RO         1164    i.LOS_HwiCreate     los_hwi.o
    0x08001850   0x00000012   Code   RO         1229    i.LOS_KernelInit    los_config.o
    0x08001862   0x00000002   PAD
    0x08001864   0x00000028   Code   RO         2093    i.LOS_LED_Tskfunc   los_nbiot_entry.o
    0x0800188c   0x0000000e   Code   RO          321    i.LOS_ListAdd       los_task.o
    0x0800189a   0x0000000e   Code   RO          621    i.LOS_ListAdd       los_mux.o
    0x080018a8   0x0000000e   Code   RO          695    i.LOS_ListAdd       los_queue.o
    0x080018b6   0x0000000e   Code   RO          800    i.LOS_ListAdd       los_sem.o
    0x080018c4   0x0000000e   Code   RO          903    i.LOS_ListAdd       los_memory.o
    0x080018d2   0x00000014   Code   RO          322    i.LOS_ListDelete    los_task.o
    0x080018e6   0x00000014   Code   RO          801    i.LOS_ListDelete    los_sem.o
    0x080018fa   0x00000014   Code   RO          904    i.LOS_ListDelete    los_memory.o
    0x0800190e   0x00000010   Code   RO          323    i.LOS_ListEmpty     los_task.o
    0x0800191e   0x00000010   Code   RO          696    i.LOS_ListEmpty     los_queue.o
    0x0800192e   0x00000010   Code   RO          802    i.LOS_ListEmpty     los_sem.o
    0x0800193e   0x00000006   Code   RO          324    i.LOS_ListInit      los_task.o
    0x08001944   0x00000006   Code   RO          624    i.LOS_ListInit      los_mux.o
    0x0800194a   0x00000006   Code   RO          697    i.LOS_ListInit      los_queue.o
    0x08001950   0x00000006   Code   RO          803    i.LOS_ListInit      los_sem.o
    0x08001956   0x00000010   Code   RO          325    i.LOS_ListTailInsert  los_task.o
    0x08001966   0x00000010   Code   RO          625    i.LOS_ListTailInsert  los_mux.o
    0x08001976   0x00000010   Code   RO          804    i.LOS_ListTailInsert  los_sem.o
    0x08001986   0x00000002   PAD
    0x08001988   0x00000144   Code   RO         1059    i.LOS_Log2          los_multipledlinkhead.o
    0x08001acc   0x0000003a   Code   RO          905    i.LOS_MemAlloc      los_memory.o
    0x08001b06   0x0000006c   Code   RO          906    i.LOS_MemAllocAlign  los_memory.o
    0x08001b72   0x00000054   Code   RO          907    i.LOS_MemFree       los_memory.o
    0x08001bc6   0x000000a6   Code   RO          908    i.LOS_MemInit       los_memory.o
    0x08001c6c   0x00000040   Code   RO          870    i.LOS_MemboxAlloc   los_membox.o
    0x08001cac   0x000000a4   Code   RO          872    i.LOS_MemboxFree    los_membox.o
    0x08001d50   0x00000080   Code   RO          873    i.LOS_MemboxInit    los_membox.o
    0x08001dd0   0x0000008c   Code   RO         2094    i.LOS_NBIOT_Entry   los_nbiot_entry.o
    0x08001e5c   0x00000030   Code   RO         2095    i.LOS_NbIot_Tskfunc  los_nbiot_entry.o
    0x08001e8c   0x00000018   Code   RO            2    i.LOS_PriqueueDequeue  los_priqueue.o
    0x08001ea4   0x00000024   Code   RO            3    i.LOS_PriqueueEnqueue  los_priqueue.o
    0x08001ec8   0x00000028   Code   RO            4    i.LOS_PriqueueSize  los_priqueue.o
    0x08001ef0   0x0000003c   Code   RO            5    i.LOS_PriqueueTop   los_priqueue.o
    0x08001f2c   0x0000007c   Code   RO          698    i.LOS_QueueCreate   los_queue.o
    0x08001fa8   0x00000130   Code   RO          700    i.LOS_QueueRead     los_queue.o
    0x080020d8   0x0000013c   Code   RO          701    i.LOS_QueueWrite    los_queue.o
    0x08002214   0x00000040   Code   RO         1107    i.LOS_Schedule      los_hw.o
    0x08002254   0x000000b8   Code   RO          808    i.LOS_SemPost       los_sem.o
    0x0800230c   0x0000000c   Code   RO         1138    i.LOS_SetTickSycle  los_hw_tick.o
    0x08002318   0x0000000c   Code   RO         1230    i.LOS_Start         los_config.o
    0x08002324   0x0000009c   Code   RO          326    i.LOS_TaskCreate    los_task.o
    0x080023c0   0x00000184   Code   RO          327    i.LOS_TaskCreateOnly  los_task.o
    0x08002544   0x00000080   Code   RO          328    i.LOS_TaskDelay     los_task.o
    0x080025c4   0x00000020   Code   RO          330    i.LOS_TaskLock      los_task.o
    0x080025e4   0x0000003c   Code   RO          335    i.LOS_TaskUnlock    los_task.o
    0x08002620   0x00000084   Code   RO          336    i.LOS_TaskYield     los_task.o
    0x080026a4   0x00000038   Code   RO         1139    i.LOS_TickHandler   los_hw_tick.o
    0x080026dc   0x0000001c   Code   RO         1627    i.LosAdapIntInit    los_bsp_adapter.o
    0x080026f8   0x0000002e   Code   RO         1629    i.LosAdapIrqEnable  los_bsp_adapter.o
    0x08002726   0x00000002   PAD
    0x08002728   0x00000010   Code   RO         2466    i.NVIC_GetPriorityGrouping  stm32f1xx_hal_cortex.o
    0x08002738   0x00000028   Code   RO         2467    i.NVIC_SetPriority  stm32f1xx_hal_cortex.o
    0x08002760   0x00000028   Code   RO         3430    i.RCC_Delay         stm32f1xx_hal_rcc.o
    0x08002788   0x0000000c   Code   RO         1630    i.SysTick_Handler   los_bsp_adapter.o
    0x08002794   0x000000a4   Code   RO         4283    i.SystemClock_Config  main.o
    0x08002838   0x000001c8   Code   RO         3773    i.UART_SetConfig    stm32f1xx_hal_uart.o
    0x08002a00   0x0000006c   Code   RO         3775    i.UART_WaitOnFlagUntilTimeout  stm32f1xx_hal_uart.o
    0x08002a6c   0x00000004   Code   RO         4284    i._Error_Handler    main.o
    0x08002a70   0x00000020   Code   RO         4562    i.__0printf         mc_w.l(printfa.o)
    0x08002a90   0x0000000e   Code   RO         4629    i.__scatterload_copy  mc_w.l(handlers.o)
    0x08002a9e   0x00000002   Code   RO         4630    i.__scatterload_null  mc_w.l(handlers.o)
    0x08002aa0   0x0000000e   Code   RO         4631    i.__scatterload_zeroinit  mc_w.l(handlers.o)
    0x08002aae   0x00000002   PAD
    0x08002ab0   0x00000164   Code   RO         4569    i._fp_digits        mc_w.l(printfa.o)
    0x08002c14   0x000006dc   Code   RO         4570    i._printf_core      mc_w.l(printfa.o)
    0x080032f0   0x00000024   Code   RO         4571    i._printf_post_padding  mc_w.l(printfa.o)
    0x08003314   0x0000002e   Code   RO         4572    i._printf_pre_padding  mc_w.l(printfa.o)
    0x08003342   0x00000002   PAD
    0x08003344   0x0000001c   Code   RO         1807    i.fputc             los_bsp_uart.o
    0x08003360   0x00000036   Code   RO         4285    i.main              main.o
    0x08003396   0x00000002   PAD
    0x08003398   0x00000008   Code   RO         1166    i.osGetVectorAddr   los_hwi.o
    0x080033a0   0x00000008   Code   RO         1167    i.osHwiDefaultHandler  los_hwi.o
    0x080033a8   0x00000024   Code   RO         1168    i.osHwiInit         los_hwi.o
    0x080033cc   0x00000004   Code   RO          337    i.osIdleTask        los_task.o
    0x080033d0   0x0000004c   Code   RO          338    i.osIdleTaskCreate  los_task.o
    0x0800341c   0x0000000c   Code   RO         1169    i.osIntNumGet       los_hwi.o
    0x08003428   0x00000050   Code   RO         1170    i.osInterrupt       los_hwi.o
    0x08003478   0x00000070   Code   RO         1233    i.osMain            los_config.o
    0x080034e8   0x0000005c   Code   RO          910    i.osMemAllocWithCheck  los_memory.o
    0x08003544   0x00000098   Code   RO          911    i.osMemCheckUsedNode  los_memory.o
    0x080035dc   0x00000050   Code   RO          912    i.osMemFindSuitableFreeBlock  los_memory.o
    0x0800362c   0x000000b2   Code   RO          913    i.osMemFreeNode     los_memory.o
    0x080036de   0x0000003e   Code   RO          914    i.osMemIsNodeValid  los_memory.o
    0x0800371c   0x00000024   Code   RO          915    i.osMemMergeNode    los_memory.o
    0x08003740   0x00000020   Code   RO          916    i.osMemSetMagicNumAndTaskid  los_memory.o
    0x08003760   0x0000005c   Code   RO          917    i.osMemSpitNode     los_memory.o
    0x080037bc   0x00000024   Code   RO          918    i.osMemSystemInit   los_memory.o
    0x080037e0   0x0000005c   Code   RO          630    i.osMuxInit         los_mux.o
    0x0800383c   0x00000048   Code   RO            7    i.osPriqueueInit    los_priqueue.o
    0x08003884   0x00000070   Code   RO          702    i.osQueueCreate     los_queue.o
    0x080038f4   0x00000038   Code   RO          703    i.osQueueInit       los_queue.o
    0x0800392c   0x00000084   Code   RO          706    i.osQueuePend       los_queue.o
    0x080039b0   0x0000005a   Code   RO          707    i.osQueueWakeUp     los_queue.o
    0x08003a0a   0x00000002   PAD
    0x08003a0c   0x0000001c   Code   RO         1234    i.osRegister        los_config.o
    0x08003a28   0x00000008   Code   RO         1108    i.osSchedule        los_hw.o
    0x08003a30   0x00000058   Code   RO          809    i.osSemInit         los_sem.o
    0x08003a88   0x000000ac   Code   RO          118    i.osSwTmrInit       los_swtmr.o
    0x08003b34   0x00000060   Code   RO          119    i.osSwTmrStart      los_swtmr.o
    0x08003b94   0x00000050   Code   RO          120    i.osSwTmrTask       los_swtmr.o
    0x08003be4   0x00000048   Code   RO          121    i.osSwTmrTaskCreate  los_swtmr.o
    0x08003c2c   0x0000008c   Code   RO          122    i.osSwTmrTimeoutHandle  los_swtmr.o
    0x08003cb8   0x00000014   Code   RO          123    i.osSwtmrDelete     los_swtmr.o
    0x08003ccc   0x00000024   Code   RO          124    i.osSwtmrScan       los_swtmr.o
    0x08003cf0   0x000000c0   Code   RO          339    i.osTaskAdd2TimerList  los_task.o
    0x08003db0   0x000000a4   Code   RO          340    i.osTaskEntry       los_task.o
    0x08003e54   0x00000008   Code   RO         1109    i.osTaskExit        los_hw.o
    0x08003e5c   0x00000128   Code   RO          341    i.osTaskInit        los_task.o
    0x08003f84   0x00000034   Code   RO         1028    i.osTaskMemUsedDec  los_memstat.o
    0x08003fb8   0x0000003c   Code   RO         1029    i.osTaskMemUsedInc  los_memstat.o
    0x08003ff4   0x000000dc   Code   RO          343    i.osTaskScan        los_task.o
    0x080040d0   0x000000fc   Code   RO          344    i.osTaskSelfDelete  los_task.o
    0x080041cc   0x00000028   Code   RO          521    i.osTickHandler     los_tick.o
    0x080041f4   0x0000006c   Code   RO         1631    i.osTickStart       los_bsp_adapter.o
    0x08004260   0x00000048   Code   RO          345    i.osTimerListDelete  los_task.o
    0x080042a8   0x0000004c   Code   RO          549    i.osTimesliceCheck  los_timeslice.o
    0x080042f4   0x00000010   Code   RO          550    i.osTimesliceInit   los_timeslice.o
    0x08004304   0x00000088   Code   RO         1110    i.osTskStackInit    los_hw.o
    0x0800438c   0x00000009   Data   RO         1632    .constdata          los_bsp_adapter.o
    0x08004395   0x00000003   PAD
    0x08004398   0x00000058   Data   RO         1809    .constdata          los_bsp_uart.o
    0x080043f0   0x00000028   Data   RO         1873    .constdata          los_bsp_led.o
    0x08004418   0x00000018   Data   RO         2166    .constdata          system_stm32f1xx.o
    0x08004430   0x00000030   Data   RO         4627    Region$$Table       anon$$obj.o


    Execution Region VECTOR (Base: 0x20000000, Size: 0x00000400, Max: 0x00000400, ABSOLUTE, COMPRESSED[0x00000020])

    Base Addr    Size         Type   Attr      Idx    E Section Name        Object

    0x20000000   0x00000400   Data   RW         1173    .vector.bss         los_hwi.o


    Execution Region ARM_LIB_STACKHEAP (Base: 0x20000400, Size: 0x00000200, Max: 0x00000200, ABSOLUTE)

    Base Addr    Size         Type   Attr      Idx    E Section Name        Object

    0x20000400   0x00000200   Zero   RW            1    ARM_LIB_STACKHEAP.bss  anon$$obj.o


    Execution Region RW_IRAM1 (Base: 0x20000600, Size: 0x00003218, Max: 0x00005000, ABSOLUTE)

    Base Addr    Size         Type   Attr      Idx    E Section Name        Object

    0x20000600   0x00000004   Data   RW            8    .data               los_priqueue.o
    0x20000604   0x00000010   Data   RW          127    .data               los_swtmr.o
    0x20000614   0x00000044   Data   RW          346    .data               los_task.o
    0x20000658   0x00000010   Data   RW          522    .data               los_tick.o
    0x20000668   0x00000008   Data   RW          551    .data               los_timeslice.o
    0x20000670   0x0000000c   Data   RW          631    .data               los_mux.o
    0x2000067c   0x00000004   Data   RW          708    .data               los_queue.o
    0x20000680   0x0000000c   Data   RW          810    .data               los_sem.o
    0x2000068c   0x00000004   Data   RW         1140    .data               los_hw_tick.o
    0x20000690   0x00000004   Data   RW         1172    .data               los_hwi.o
    0x20000694   0x00000008   Data   RW         1235    .data               los_config.o
    0x2000069c   0x00000004   Data   RW         1633    .data               los_bsp_adapter.o
    0x200006a0   0x00000010   Data   RW         2097    .data               los_nbiot_entry.o
    0x200006b0   0x00000004   Data   RW         2134    .data               los_led_entry.o
    0x200006b4   0x00000004   Data   RW         2167    .data               system_stm32f1xx.o
    0x200006b8   0x00000009   Data   RW         2243    .data               stm32f1xx_hal.o
    0x200006c1   0x00000003   PAD
    0x200006c4   0x00000004   Data   RW         4609    .data               mc_w.l(stdout.o)
    0x200006c8   0x00000064   Zero   RW          126    .bss                los_swtmr.o
    0x2000072c   0x00002800   Zero   RW          919    .bss                los_memory.o
    0x20002f2c   0x00000020   Zero   RW         1030    .bss                los_memstat.o
    0x20002f4c   0x00000400   Zero   RW         1171    .bss                los_hwi.o
    0x2000334c   0x000000c0   Zero   RW         1808    .bss                los_bsp_uart.o
    0x2000340c   0x0000000c   Zero   RW         2096    .bss                los_nbiot_entry.o
    0x20003418   0x00000400   Zero   RW         4275    STACK               los_startup_keil.o


==============================================================================

Image component sizes


      Code (inc. data)   RO Data    RW Data    ZI Data      Debug   Object Name

         0          0          0          0          0      10252   cmsis_liteos.o
       352         30          0          0          0       3363   gpio.o
       206         26          9          4          0     394596   los_bsp_adapter.o
       124         18         40          0          0       2954   los_bsp_led.o
       120         26         88          0        192       5782   los_bsp_uart.o
       182         18          0          8          0       3624   los_config.o
       228         30          0          0          0        756   los_dispatch_keil.o
        28          4          0          0          0        660   los_event.o
       216         16          0          0          0       2794   los_hw.o
        68         10          0          4          0       1357   los_hw_tick.o
       272         46          0       1028       1024       7026   los_hwi.o
       140         40          0          4          0       1292   los_led_entry.o
       356         10          0          0          0       3776   los_membox.o
      1210         14          0          0      10240      15124   los_memory.o
       112         24          0          0         32       1921   los_memstat.o
        28          0          0          0          0        588   los_misc.o
       396          4          0          0          0       5044   los_multipledlinkhead.o
       128         18          0         12          0       5752   los_mux.o
       228         80          0         16         12       2856   los_nbiot_entry.o
       232         22          0          4          0       9462   los_priqueue.o
      1170         72          0          4          0      17777   los_queue.o
       344         26          0         12          0       5274   los_sem.o
        92         74          0          0       1024        328   los_startup_keil.o
       616         86          0         16        100      17173   los_swtmr.o
      2244        186          0         68          0      24119   los_task.o
        40          6          0         16          0        857   los_tick.o
        92         16          0          8          0       1273   los_timeslice.o
       222         20          0          0          0       1677   main.o
       152         32          0          9          0       3621   stm32f1xx_hal.o
       312         22          0          0          0      26668   stm32f1xx_hal_cortex.o
       808         32          0          0          0       2876   stm32f1xx_hal_gpio.o
         2          0          0          0          0        566   stm32f1xx_hal_msp_template.o
      1772        108          0          0          0       6480   stm32f1xx_hal_rcc.o
       892          6          0          0          0       3808   stm32f1xx_hal_uart.o
         0          0         24          4          0        978   system_stm32f1xx.o
       144         60          0          0          0      55303   usart.o

    ----------------------------------------------------------------------
     13544       1182        212       1220      13136     647757   Object Totals
         0          0         48          0        512          0   (incl. Generated)
        16          0          3          3          0          0   (incl. Padding)

    ----------------------------------------------------------------------

      Code (inc. data)   RO Data    RW Data    ZI Data      Debug   Library Member Name

        86          0          0          0          0          0   __dczerorl2.o
         0          0          0          0          0          0   entry.o
         0          0          0          0          0          0   entry10a.o
         0          0          0          0          0          0   entry11a.o
         8          4          0          0          0          0   entry3.o
         4          0          0          0          0          0   entry5.o
         0          0          0          0          0          0   entry7b.o
         0          0          0          0          0          0   entry8b.o
         8          4          0          0          0          0   entry9a.o
        30          0          0          0          0          0   handlers.o
        36          8          0          0          0         68   init.o
         0          0          0          0          0          0   iusefp.o
        30          0          0          0          0         68   llshl.o
        36          0          0          0          0         68   llsshr.o
        32          0          0          0          0         68   llushr.o
        36          0          0          0          0        108   memseta.o
      2226         90          0          0          0        444   printfa.o
         0          0          0          4          0          0   stdout.o
        44          0          0          0          0         80   uidiv.o
        98          0          0          0          0         92   uldiv.o
        48          0          0          0          0         68   cdrcmple.o
       334          0          0          0          0        148   dadd.o
       222          0          0          0          0        100   ddiv.o
       186          0          0          0          0        176   depilogue.o
        48          0          0          0          0         68   dfixul.o
       228          0          0          0          0         96   dmul.o

    ----------------------------------------------------------------------
      3748        106          0          4          0       1652   Library Totals
         8          0          0          0          0          0   (incl. Padding)

    ----------------------------------------------------------------------

      Code (inc. data)   RO Data    RW Data    ZI Data      Debug   Library Name

      2674        106          0          4          0        996   mc_w.l
      1066          0          0          0          0        656   mf_w.l

    ----------------------------------------------------------------------
      3748        106          0          4          0       1652   Library Totals

    ----------------------------------------------------------------------

==============================================================================


      Code (inc. data)   RO Data    RW Data    ZI Data      Debug   

     17292       1288        212       1224      13136     641477   Grand Totals
     17292       1288        212        232      13136     641477   ELF Image Totals (compressed)
     17292       1288        212        232          0          0   ROM Totals

==============================================================================

    Total RO  Size (Code + RO Data)                17504 (  17.09kB)
    Total RW  Size (RW Data + ZI Data)             14360 (  14.02kB)
    Total ROM Size (Code + RO Data + RW Data)      17736 (  17.32kB)

==============================================================================

